 four_quad_formation_040714_sfun

 Timestamp is 542ba946 (Wed Oct 01 15:12:06 2014)

 Preferred load address is 0000000180000000

 Start         Length     Name                   Class
 0001:00000000 00049824H .text                   CODE
 0001:00049830 00000092H .text$x                 CODE
 0002:00000000 00000488H .idata$5                DATA
 0002:00000488 00000008H .CRT$XCA                DATA
 0002:00000490 00000008H .CRT$XCZ                DATA
 0002:00000498 00000008H .CRT$XIA                DATA
 0002:000004a0 00000008H .CRT$XIAA               DATA
 0002:000004a8 00000008H .CRT$XIZ                DATA
 0002:000004b0 00004bb4H .rdata                  DATA
 0002:00005068 00000008H .rtc$IAA                DATA
 0002:00005070 00000008H .rtc$IZZ                DATA
 0002:00005078 00000008H .rtc$TAA                DATA
 0002:00005080 00000008H .rtc$TZZ                DATA
 0002:00005088 00004434H .xdata                  DATA
 0002:000094bc 000000a0H .idata$2                DATA
 0002:0000955c 00000014H .idata$3                DATA
 0002:00009570 00000488H .idata$4                DATA
 0002:000099f8 00000a84H .idata$6                DATA
 0002:0000a480 00000065H .edata                  DATA
 0003:00000000 00003918H .data                   DATA
 0003:00003920 000026f8H .bss                    DATA
 0004:00000000 000036e4H .pdata                  DATA

  Address         Publics by Value              Rva+Base               Lib:Object

 0000:00000000       ___safe_se_handler_table   0000000000000000     <absolute>
 0000:00000000       ___safe_se_handler_count   0000000000000000     <absolute>
 0000:00000000       __ImageBase                0000000180000000     <linker-defined>
 0001:00000000       sf_c7_four_quad_formation_040714_get_eml_resolved_functions_info 0000000180001000 f   c7_four_quad_formation_040714.obj
 0001:00000080       sf_c7_four_quad_formation_040714_get_check_sum 0000000180001080 f   c7_four_quad_formation_040714.obj
 0001:00000100       sf_c7_four_quad_formation_040714_get_autoinheritance_info 0000000180001100 f   c7_four_quad_formation_040714.obj
 0001:000013b0       sf_internal_get_sim_state_c7_four_quad_formation_040714 00000001800023b0 f   c7_four_quad_formation_040714.obj
 0001:00001c90       sf_internal_set_sim_state_c7_four_quad_formation_040714 0000000180002c90 f   c7_four_quad_formation_040714.obj
 0001:00003130       c7_four_quad_formation_040714_method_dispatcher 0000000180004130 f   c7_four_quad_formation_040714.obj
 0001:0000cb40       sf_process_check_sum_call  000000018000db40 f   four_quad_formation_040714_sfun_registry.obj
 0001:0000cbb0       sf_process_autoinheritance_call 000000018000dbb0 f   four_quad_formation_040714_sfun_registry.obj
 0001:0000cdf0       sf_process_get_eml_resolved_functions_info_call 000000018000ddf0 f   four_quad_formation_040714_sfun_registry.obj
 0001:0000cfe0       sf_mex_unlock_call         000000018000dfe0 f   four_quad_formation_040714_sfun_registry.obj
 0001:0000d090       sf_machine_global_initializer_called 000000018000e090 f   four_quad_formation_040714_sfun_registry.obj
 0001:0000d0c0       sf_machine_global_method_dispatcher 000000018000e0c0 f   four_quad_formation_040714_sfun_registry.obj
 0001:0000d160       sf_machine_global_terminator 000000018000e160 f   four_quad_formation_040714_sfun_registry.obj
 0001:0000d1a0       sf_register_machine_exported_symbols 000000018000e1a0 f   four_quad_formation_040714_sfun_registry.obj
 0001:0000d1d0       callCustomFcn              000000018000e1d0 f   four_quad_formation_040714_sfun_registry.obj
 0001:0000d1e0       sf_machine_global_initializer 000000018000e1e0 f   four_quad_formation_040714_sfun_registry.obj
 0001:0000d260       _ssSetStateAbsTol          000000018000e260 f   four_quad_formation_040714_sfun_registry.obj
 0001:0000d340       _ssGetAbsTol               000000018000e340 f   four_quad_formation_040714_sfun_registry.obj
 0001:0000d3b0       _ssSetInputPortMatrixDimensions 000000018000e3b0 f   four_quad_formation_040714_sfun_registry.obj
 0001:0000d4c0       _ssSetOutputPortMatrixDimensions 000000018000e4c0 f   four_quad_formation_040714_sfun_registry.obj
 0001:0000d5d0       _ssSetInputPortVectorDimension 000000018000e5d0 f   four_quad_formation_040714_sfun_registry.obj
 0001:0000d6a0       _ssSetOutputPortVectorDimension 000000018000e6a0 f   four_quad_formation_040714_sfun_registry.obj
 0001:0000d770       ssIsRunTimeParamTunable    000000018000e770 f   four_quad_formation_040714_sfun_registry.obj
 0001:0000d7e0       ssGetSFuncBlockHandle      000000018000e7e0 f   four_quad_formation_040714_sfun_registry.obj
 0001:0000d850       _ssGetCurrentInputPortWidth 000000018000e850 f   four_quad_formation_040714_sfun_registry.obj
 0001:0000d970       _ssGetCurrentOutputPortWidth 000000018000e970 f   four_quad_formation_040714_sfun_registry.obj
 0001:0000da90       _ssGetCallSystemNumFcnCallDestinations 000000018000ea90 f   four_quad_formation_040714_sfun_registry.obj
 0001:0000db00       ssWarning                  000000018000eb00 f   four_quad_formation_040714_sfun_registry.obj
 0001:0000dc10       ssGetIsZeroCrossControlDisabled 000000018000ec10 f   four_quad_formation_040714_sfun_registry.obj
 0001:0000dc80       ssSetIsInputPortUsedForContZcSignal 000000018000ec80 f   four_quad_formation_040714_sfun_registry.obj
 0001:0000dcf0       ssSetZcSignalIsZcElementDisc 000000018000ecf0 f   four_quad_formation_040714_sfun_registry.obj
 0001:0000dda0       ssSetZcSignalName          000000018000eda0 f   four_quad_formation_040714_sfun_registry.obj
 0001:0000de10       ssSetZcSignalWidth         000000018000ee10 f   four_quad_formation_040714_sfun_registry.obj
 0001:0000de80       ssSetZcSignalZcEventType   000000018000ee80 f   four_quad_formation_040714_sfun_registry.obj
 0001:0000def0       ssSetZcSignalType          000000018000eef0 f   four_quad_formation_040714_sfun_registry.obj
 0001:0000df60       ssSetZcSignalZcTol         000000018000ef60 f   four_quad_formation_040714_sfun_registry.obj
 0001:0000dfd0       ssSetZcSignalNeedsEventNotification 000000018000efd0 f   four_quad_formation_040714_sfun_registry.obj
 0001:0000e040       ssCreateAndAddZcSignalInfo 000000018000f040 f   four_quad_formation_040714_sfun_registry.obj
 0001:0000e0b0       ssCloneAndAddZcSignalInfo  000000018000f0b0 f   four_quad_formation_040714_sfun_registry.obj
 0001:0000e120       ssGetNumZcSignals          000000018000f120 f   four_quad_formation_040714_sfun_registry.obj
 0001:0000e190       ssGetZcSignalVector        000000018000f190 f   four_quad_formation_040714_sfun_registry.obj
 0001:0000e200       ssGetZcSignalZcEvents      000000018000f200 f   four_quad_formation_040714_sfun_registry.obj
 0001:0000e270       ssGetZcSignalName          000000018000f270 f   four_quad_formation_040714_sfun_registry.obj
 0001:0000e2e0       ssGetZcSignalWidth         000000018000f2e0 f   four_quad_formation_040714_sfun_registry.obj
 0001:0000e350       ssGetZcSignalZcEventType   000000018000f350 f   four_quad_formation_040714_sfun_registry.obj
 0001:0000e3c0       ssGetZcSignalType          000000018000f3c0 f   four_quad_formation_040714_sfun_registry.obj
 0001:0000e430       ssGetZcSignalZcTol         000000018000f430 f   four_quad_formation_040714_sfun_registry.obj
 0001:0000e4b0       ssGetZcSignalNeedsEventNotification 000000018000f4b0 f   four_quad_formation_040714_sfun_registry.obj
 0001:0000e520       ssGetZcSignalIsZcElementDisc 000000018000f520 f   four_quad_formation_040714_sfun_registry.obj
 0001:0000e5c0       ssGetIsInputPortElementContinuous 000000018000f5c0 f   four_quad_formation_040714_sfun_registry.obj
 0001:0000e660       _ssGetInputPortSignalPtrsFcn 000000018000f660 f   four_quad_formation_040714_sfun_registry.obj
 0001:0000e920       _ssGetInputPortSignalFcn   000000018000f920 f   four_quad_formation_040714_sfun_registry.obj
 0001:0000eb40       _ssSetInputPortDirectFeedThroughFcn 000000018000fb40 f   four_quad_formation_040714_sfun_registry.obj
 0001:0000eca0       _ssSetInputPortReusableFcn 000000018000fca0 f   four_quad_formation_040714_sfun_registry.obj
 0001:0000ed90       _ssSetOutputPortReusableFcn 000000018000fd90 f   four_quad_formation_040714_sfun_registry.obj
 0001:0000ee70       ssGetDTypeIdFromMxArray    000000018000fe70 f   four_quad_formation_040714_sfun_registry.obj
 0001:0000ef90       ssWriteRTWStr              000000018000ff90 f   four_quad_formation_040714_sfun_registry.obj
 0001:0000eff0       ssWriteRTWMxVectParam      000000018000fff0 f   four_quad_formation_040714_sfun_registry.obj
 0001:0000f050       ssWriteRTWMx2dMatParam     0000000180010050 f   four_quad_formation_040714_sfun_registry.obj
 0001:0000f0d0       ssWriteRTWNameValuePair    00000001800100d0 f   four_quad_formation_040714_sfun_registry.obj
 0001:0000f5c0       ssWriteRTWParameters       00000001800105c0 f   four_quad_formation_040714_sfun_registry.obj
 0001:0000fbc0       ssWriteRTWParamSettings    0000000180010bc0 f   four_quad_formation_040714_sfun_registry.obj
 0001:00010290       ssWriteRTWWorkVect         0000000180011290 f   four_quad_formation_040714_sfun_registry.obj
 0001:00010790       mexFunction                0000000180011790 f   four_quad_formation_040714_sfun_registry.obj
 0001:00012450       ProcessMexSfunctionEveryCall 0000000180013450 f   four_quad_formation_040714_sfun_registry.obj
 0001:000125c0       four_quad_formation_040714_initializer 00000001800135c0 f   four_quad_formation_040714_sfun.obj
 0001:000125d0       four_quad_formation_040714_terminator 00000001800135d0 f   four_quad_formation_040714_sfun.obj
 0001:000125e0       sf_four_quad_formation_040714_method_dispatcher 00000001800135e0 f   four_quad_formation_040714_sfun.obj
 0001:00012630       sf_four_quad_formation_040714_process_check_sum_call 0000000180013630 f   four_quad_formation_040714_sfun.obj
 0001:00012a40       sf_four_quad_formation_040714_autoinheritance_info 0000000180013a40 f   four_quad_formation_040714_sfun.obj
 0001:00012bb0       sf_four_quad_formation_040714_get_eml_resolved_functions_info 0000000180013bb0 f   four_quad_formation_040714_sfun.obj
 0001:00012ce0       four_quad_formation_040714_debug_initialize 0000000180013ce0 f   four_quad_formation_040714_sfun.obj
 0001:00012d50       four_quad_formation_040714_register_exported_symbols 0000000180013d50 f   four_quad_formation_040714_sfun.obj
 0001:00012d60       load_four_quad_formation_040714_optimization_info 0000000180013d60 f   four_quad_formation_040714_sfun.obj
 0001:00012db0       unload_four_quad_formation_040714_optimization_info 0000000180013db0 f   four_quad_formation_040714_sfun.obj
 0001:00012ed0       sf_mex_mx_is_numeric       0000000180013ed0 f   sfc_mex:sfc_mex.obj
 0001:00012f10       strcmp_ignore_ws           0000000180013f10 f   sfc_mex:sfc_mex.obj
 0001:00013050       sf_mex_duplicatearraysafe  0000000180014050 f   sfc_mex:sfc_mex.obj
 0001:000131b0       sf_set_error_debugger_context_message_fcn 00000001800141b0 f   sfc_mex:sfc_mex.obj
 0001:000131c0       sf_set_debugger_matlab_error_fcn 00000001800141c0 f   sfc_mex:sfc_mex.obj
 0001:000131f0       sf_set_error_prefix_string 00000001800141f0 f   sfc_mex:sfc_mex.obj
 0001:00013220       sf_get_error_prefix_string 0000000180014220 f   sfc_mex:sfc_mex.obj
 0001:00013230       sf_mex_enter_parallel_region 0000000180014230 f   sfc_mex:sfc_mex.obj
 0001:00013240       sf_mex_exit_parallel_region 0000000180014240 f   sfc_mex:sfc_mex.obj
 0001:00013250       sf_get_current_jmp_buf_ptr 0000000180014250 f   sfc_mex:sfc_mex.obj
 0001:00013260       sf_set_current_jmp_buf_ptr 0000000180014260 f   sfc_mex:sfc_mex.obj
 0001:00013270       sf_mex_set_halt_simulation 0000000180014270 f   sfc_mex:sfc_mex.obj
 0001:00013280       sf_mex_get_halt_simulation 0000000180014280 f   sfc_mex:sfc_mex.obj
 0001:00013290       sf_mex_clear_error_message 0000000180014290 f   sfc_mex:sfc_mex.obj
 0001:000132b0       sf_mex_get_error_message_for_read 00000001800142b0 f   sfc_mex:sfc_mex.obj
 0001:000132c0       sf_mex_get_error_message_buffer_length 00000001800142c0 f   sfc_mex:sfc_mex.obj
 0001:000133a0       sf_mex_warning_message     00000001800143a0 f   sfc_mex:sfc_mex.obj
 0001:00013410       sf_mex_v_errbuf_createf    0000000180014410 f   sfc_mex:sfc_mex.obj
 0001:00013420       sf_mex_errbuf_createf      0000000180014420 f   sfc_mex:sfc_mex.obj
 0001:00013450       sf_mex_v_errbuf_catf       0000000180014450 f   sfc_mex:sfc_mex.obj
 0001:00013490       sf_mex_errbuf_catf         0000000180014490 f   sfc_mex:sfc_mex.obj
 0001:000134e0       sf_mex_errbuf_copy         00000001800144e0 f   sfc_mex:sfc_mex.obj
 0001:000134f0       sf_mex_errbuf_clear        00000001800144f0 f   sfc_mex:sfc_mex.obj
 0001:00013500       sf_mex_errbuf_isempty      0000000180014500 f   sfc_mex:sfc_mex.obj
 0001:00013610       sf_mex_set_error_status    0000000180014610 f   sfc_mex:sfc_mex.obj
 0001:00013660       sf_mex_error_direct_call   0000000180014660 f   sfc_mex:sfc_mex.obj
 0001:00013680       sf_mex_error_message_no_long_jump 0000000180014680 f   sfc_mex:sfc_mex.obj
 0001:000136a0       sf_mex_long_jump_on_error  00000001800146a0 f   sfc_mex:sfc_mex.obj
 0001:000136d0       sf_mex_call_matlab         00000001800146d0 f   sfc_mex:sfc_mex.obj
 0001:000137f0       sf_mex_check_builtin       00000001800147f0 f   sfc_mex:sfc_mex.obj
 0001:00013890       sf_mex_check_builtin_vs    0000000180014890 f   sfc_mex:sfc_mex.obj
 0001:00013950       sf_mex_check_enum          0000000180014950 f   sfc_mex:sfc_mex.obj
 0001:000139d0       sf_mex_create_enum         00000001800149d0 f   sfc_mex:sfc_mex.obj
 0001:00013a40       sf_mex_get_enum_element    0000000180014a40 f   sfc_mex:sfc_mex.obj
 0001:00013a50       sf_mex_createcellarray     0000000180014a50 f   sfc_mex:sfc_mex.obj
 0001:00013a60       sf_mex_setcell             0000000180014a60 f   sfc_mex:sfc_mex.obj
 0001:00013a70       sf_mex_getcell             0000000180014a70 f   sfc_mex:sfc_mex.obj
 0001:00013a80       sf_mex_dup                 0000000180014a80 f   sfc_mex:sfc_mex.obj
 0001:00013aa0       sf_mex_assign              0000000180014aa0 f   sfc_mex:sfc_mex.obj
 0001:00013b20       sf_mex_destroy             0000000180014b20 f   sfc_mex:sfc_mex.obj
 0001:00013b50       mx_array_has_fi_type       0000000180014b50 f   sfc_mex:sfc_mex.obj
 0001:00013b80       sf_mex_convert_from_fi     0000000180014b80 f   sfc_mex:sfc_mex.obj
 0001:00013cb0       sf_mex_convert_to_double   0000000180014cb0 f   sfc_mex:sfc_mex.obj
 0001:00013dd0       sf_mex_import_fi_vs        0000000180014dd0 f   sfc_mex:sfc_mex.obj
 0001:00013f90       sf_matrix_matrix_index_ok  0000000180014f90 f   sfc_mex:sfc_mex.obj
 0001:00014020       sf_vector_vector_index_ok  0000000180015020 f   sfc_mex:sfc_mex.obj
 0001:00014050       ssGetCurrentInputPortDimensions_wrapper 0000000180015050 f   sfc_mex:sfc_mex.obj
 0001:00014070       ssGetCurrentOutputPortDimensions_wrapper 0000000180015070 f   sfc_mex:sfc_mex.obj
 0001:00014090       sf_mex_emlrt_context_is_debug_mode 0000000180015090 f   sfc_mex:sfc_mex.obj
 0001:000140a0       sf_mex_emlrt_context_set_debug_mode 00000001800150a0 f   sfc_mex:sfc_mex.obj
 0001:000140b0       sf_mex_emlrtNameCapturePostProcessR2012a 00000001800150b0 f   sfc_mex:sfc_mex.obj
 0001:00014120       sf_clear_error_manager_info 0000000180015120 f   sfc_mex:sfc_mex.obj
 0001:00014180       sf_mex_stop_simulation_abruptly_wo_error 0000000180015180 f   sfc_mex:sfc_mex.obj
 0001:000141c0       sf_mex_error_message       00000001800151c0 f   sfc_mex:sfc_mex.obj
 0001:00014220       sf_react_to_error_in_matlab_call 0000000180015220 f   sfc_mex:sfc_mex.obj
 0001:00014250       sf_mex_addfield            0000000180015250 f   sfc_mex:sfc_mex.obj
 0001:000142f0       sf_mex_getfield            00000001800152f0 f   sfc_mex:sfc_mex.obj
 0001:000145f0       sf_mex_check_class         00000001800155f0 f   sfc_mex:sfc_mex.obj
 0001:00014690       sf_mex_is_real             0000000180015690 f   sfc_mex:sfc_mex.obj
 0001:00014b00       sf_mex_decode_encoded_mx_struct_array 0000000180015b00 f   sfc_mex:sfc_mex.obj
 0001:00014de0       sf_mex_lw_bounds_check     0000000180015de0 f   sfc_mex:sfc_mex.obj
 0001:00014e10       sf_mex_lw_size_eq_check_1d 0000000180015e10 f   sfc_mex:sfc_mex.obj
 0001:00014e30       sf_mex_lw_size_eq_check_nd 0000000180015e30 f   sfc_mex:sfc_mex.obj
 0001:00015010       sf_mex_lw_dim_size_eq_check 0000000180016010 f   sfc_mex:sfc_mex.obj
 0001:00015040       sf_mex_lw_dim_size_geq_check 0000000180016040 f   sfc_mex:sfc_mex.obj
 0001:00015070       sf_mex_lw_sub_assign_size_check_nd 0000000180016070 f   sfc_mex:sfc_mex.obj
 0001:000152a0       sf_mex_lw_runtime_error_msgid 00000001800162a0 f   sfc_mex:sfc_mex.obj
 0001:00015390       sf_mex_lw_matrix_matrix_index_check 0000000180016390 f   sfc_mex:sfc_mex.obj
 0001:000153b0       sf_mex_lw_vector_vector_index_check 00000001800163b0 f   sfc_mex:sfc_mex.obj
 0001:000153f0       sf_mex_lw_for_loop_vector_check 00000001800163f0 f   sfc_mex:sfc_mex.obj
 0001:00015480       sf_mex_lw_non_negative_check 0000000180016480 f   sfc_mex:sfc_mex.obj
 0001:000154c0       sf_mex_overflow_error      00000001800164c0 f   sfc_mex:sfc_mex.obj
 0001:000154d0       sf_mex_dividebyzero_error  00000001800164d0 f   sfc_mex:sfc_mex.obj
 0001:000154e0       sf_mex_unsafe_enum_error   00000001800164e0 f   sfc_mex:sfc_mex.obj
 0001:000154f0       sf_emlrtErrHandler         00000001800164f0 f   sfc_mex:sfc_mex.obj
 0001:000155d0       sf_mex_size_one_check      00000001800165d0 f   sfc_mex:sfc_mex.obj
 0001:000155f0       sf_mex_printf              00000001800165f0 f   sfc_mex:sfc_mex.obj
 0001:000157c0       sf_mex_check_size          00000001800167c0 f   sfc_mex:sfc_mex.obj
 0001:00015a90       sf_mex_check_struct        0000000180016a90 f   sfc_mex:sfc_mex.obj
 0001:00015cf0       sf_mex_check_struct_vs     0000000180016cf0 f   sfc_mex:sfc_mex.obj
 0001:00015d80       sf_mex_check_fi            0000000180016d80 f   sfc_mex:sfc_mex.obj
 0001:00015e80       sf_mex_check_fi_vs         0000000180016e80 f   sfc_mex:sfc_mex.obj
 0001:00015f20       sf_echo_expression         0000000180016f20 f   sfc_mex:sfc_mex.obj
 0001:00015f80       sf_assertion_failed        0000000180016f80 f   sfc_mex:sfc_mex.obj
 0001:00016260       sf_mex_evalin              0000000180017260 f   sfc_mex:sfc_mex.obj
 0001:000164d0       sf_mex_export              00000001800174d0 f   sfc_mex:sfc_mex.obj
 0001:00016590       sf_mex_get_ml_var_no_error 0000000180017590 f   sfc_mex:sfc_mex.obj
 0001:00016730       sf_mex_get_ml_var          0000000180017730 f   sfc_mex:sfc_mex.obj
 0001:00016bd0       ml_set_element_value_in_array 0000000180017bd0 f   sfc_mex:sfc_mex.obj
 0001:000182a0       sf_mex_call_impl           00000001800192a0 f   sfc_mex:sfc_mex.obj
 0001:000187d0       sf_mex_call_debug          00000001800197d0 f   sfc_mex:sfc_mex.obj
 0001:00018800       sf_mex_call                0000000180019800 f   sfc_mex:sfc_mex.obj
 0001:00018e50       sf_mex_createstruct        0000000180019e50 f   sfc_mex:sfc_mex.obj
 0001:00018f40       sf_mex_createstructarray   0000000180019f40 f   sfc_mex:sfc_mex.obj
 0001:00018fc0       sf_mex_get_mx_datatype_from_sf_datatype 0000000180019fc0 f   sfc_mex:sfc_mex.obj
 0001:000192d0       sf_mex_ml_var_sub          000000018001a2d0 f   sfc_mex:sfc_mex.obj
 0001:000194a0       sf_mex_ml_var_subsasgn     000000018001a4a0 f   sfc_mex:sfc_mex.obj
 0001:00019890       sf_mex_sub                 000000018001a890 f   sfc_mex:sfc_mex.obj
 0001:00019a90       sf_mex_subsasgn            000000018001aa90 f   sfc_mex:sfc_mex.obj
 0001:00019f70       sf_mex_create              000000018001af70 f   sfc_mex:sfc_mex.obj
 0001:0001a9c0       sf_mex_import_named        000000018001b9c0 f   sfc_mex:sfc_mex.obj
 0001:0001aa20       sf_mex_import              000000018001ba20 f   sfc_mex:sfc_mex.obj
 0001:0001aa70       sf_mex_import_vs           000000018001ba70 f   sfc_mex:sfc_mex.obj
 0001:0001ab80       sf_mex_lower_fixpt_mx_array 000000018001bb80 f   sfc_mex:sfc_mex.obj
 0001:0001ae70       sf_send_message_wrapper    000000018001be70 f   sfc_mex:sfc_sf.obj
 0001:0001aea0       sf_receive_message_wrapper 000000018001bea0 f   sfc_mex:sfc_sf.obj
 0001:0001aee0       sf_check_out_message_wrapper 000000018001bee0 f   sfc_mex:sfc_sf.obj
 0001:0001af20       sf_check_in_message_wrapper 000000018001bf20 f   sfc_mex:sfc_sf.obj
 0001:0001af60       sf_no_message_wrapper      000000018001bf60 f   sfc_mex:sfc_sf.obj
 0001:0001b2f0       sim_mode_is_rtw_gen        000000018001c2f0 f   sfc_mex:sfc_sf.obj
 0001:0001b320       sim_mode_is_external       000000018001c320 f   sfc_mex:sfc_sf.obj
 0001:0001b330       sim_mode_is_modelref_sim   000000018001c330 f   sfc_mex:sfc_sf.obj
 0001:0001b350       mdlInitializeSizes         000000018001c350 f   sfc_mex:sfc_sf.obj
 0001:0001b370       mdlInitializeSampleTimes   000000018001c370 f   sfc_mex:sfc_sf.obj
 0001:0001b3b0       mdlZeroCrossings           000000018001c3b0 f   sfc_mex:sfc_sf.obj
 0001:0001b490       mdlDerivatives             000000018001c490 f   sfc_mex:sfc_sf.obj
 0001:0001b540       mdl_initialize_conditions_processing 000000018001c540 f   sfc_mex:sfc_sf.obj
 0001:0001b570       mdlInitializeConditions    000000018001c570 f   sfc_mex:sfc_sf.obj
 0001:0001b630       mdlGetSimState             000000018001c630 f   sfc_mex:sfc_sf.obj
 0001:0001b640       mdlSetSimState             000000018001c640 f   sfc_mex:sfc_sf.obj
 0001:0001b650       mdl_ext_mode_exec_processing 000000018001c650 f   sfc_mex:sfc_sf.obj
 0001:0001b670       mdlExtModeExec             000000018001c670 f   sfc_mex:sfc_sf.obj
 0001:0001b800       mdlTerminate               000000018001c800 f   sfc_mex:sfc_sf.obj
 0001:0001b870       mdlRTW                     000000018001c870 f   sfc_mex:sfc_sf.obj
 0001:0001b8a0       mdlSetWorkWidths           000000018001c8a0 f   sfc_mex:sfc_sf.obj
 0001:0001b8b0       mdlProcessParameters       000000018001c8b0 f   sfc_mex:sfc_sf.obj
 0001:0001b8c0       mdl_start_processing       000000018001c8c0 f   sfc_mex:sfc_sf.obj
 0001:0001b920       mdlStart                   000000018001c920 f   sfc_mex:sfc_sf.obj
 0001:0001ba30       mdlEnable                  000000018001ca30 f   sfc_mex:sfc_sf.obj
 0001:0001bb00       mdlDisable                 000000018001cb00 f   sfc_mex:sfc_sf.obj
 0001:0001bbb0       sf_get_chart_instance_ptr  000000018001cbb0 f   sfc_mex:sfc_sf.obj
 0001:0001bbd0       sf_load_rtw_optimization_info 000000018001cbd0 f   sfc_mex:sfc_sf.obj
 0001:0001bca0       sf_rtw_info_uint_prop      000000018001cca0 f   sfc_mex:sfc_sf.obj
 0001:0001bde0       sf_is_chart_inlinable      000000018001cde0 f   sfc_mex:sfc_sf.obj
 0001:0001be00       sf_mark_output_events_with_multiple_callers 000000018001ce00 f   sfc_mex:sfc_sf.obj
 0001:0001bf90       sf_mark_chart_reusable_outputs 000000018001cf90 f   sfc_mex:sfc_sf.obj
 0001:0001c1f0       sf_mark_chart_expressionable_inputs 000000018001d1f0 f   sfc_mex:sfc_sf.obj
 0001:0001c450       sf_get_subchart_simstruct  000000018001d450 f   sfc_mex:sfc_sf.obj
 0001:0001c4a0       sf_get_fixpt_data_type_id  000000018001d4a0 f   sfc_mex:sfc_sf.obj
 0001:0001c4e0       sf_get_enum_data_type_id   000000018001d4e0 f   sfc_mex:sfc_sf.obj
 0001:0001c520       sf_get_param_data_type_id  000000018001d520 f   sfc_mex:sfc_sf.obj
 0001:0001c550       sf_mex_listen_for_ctrl_c_force 000000018001d550 f   sfc_mex:sfc_sf.obj
 0001:0001c660       sf_mex_draw_now            000000018001d660 f   sfc_mex:sfc_sf.obj
 0001:0001c6a0       sf_mex_set_debugger_sim_status_listener_fcn 000000018001d6a0 f   sfc_mex:sfc_sf.obj
 0001:0001c6b0       sf_mex_listen_for_ctrl_c   000000018001d6b0 f   sfc_mex:sfc_sf.obj
 0001:0001c740       sf_mex_get_sfun_param      000000018001d740 f   sfc_mex:sfc_sf.obj
 0001:0001c790       sf_get_runtime_param_data  000000018001d790 f   sfc_mex:sfc_sf.obj
 0001:0001c7d0       sf_call_output_fcn_call    000000018001d7d0 f   sfc_mex:sfc_sf.obj
 0001:0001c910       sf_call_output_fcn_enable  000000018001d910 f   sfc_mex:sfc_sf.obj
 0001:0001c9a0       sf_call_output_fcn_disable 000000018001d9a0 f   sfc_mex:sfc_sf.obj
 0001:0001ca30       sf_clear_rtw_identifier    000000018001da30 f   sfc_mex:sfc_sf.obj
 0001:0001d220       sf_set_encoded_dwork_info  000000018001e220 f   sfc_mex:sfc_sf.obj
 0001:0001d270       sf_get_dwork_info_from_mat_file 000000018001e270 f   sfc_mex:sfc_sf.obj
 0001:0001d430       sf_set_rtw_dwork_info      000000018001e430 f   sfc_mex:sfc_sf.obj
 0001:0001d5a0       mdlOutputs                 000000018001e5a0 f   sfc_mex:sfc_sf.obj
 0001:0001d740       sf_debug_disp              000000018001e740 f   sfc_debug:sfcdebug.obj
 0001:0001d9a0       sf_debug_data_runtime_size_mismatch_error_check 000000018001e9a0 f   sfc_debug:sfcdebug.obj
 0001:0001da40       sf_debug_try_loading_machine 000000018001ea40 f   sfc_debug:sfcdebug.obj
 0001:0001db40       sf_debug_reset_current_state_configuration 000000018001eb40 f   sfc_debug:sfcdebug.obj
 0001:0001dbd0       sf_debug_store_current_state_configuration 000000018001ebd0 f   sfc_debug:sfcdebug.obj
 0001:0001dc60       sf_debug_restore_previous_state_configuration 000000018001ec60 f   sfc_debug:sfcdebug.obj
 0001:0001dcf0       sf_debug_restore_previous_state_configuration2 000000018001ecf0 f   sfc_debug:sfcdebug.obj
 0001:0001dd80       sf_debug_get_event_scope   000000018001ed80 f   sfc_debug:sfcdebug.obj
 0001:0001def0       use_debugger_step_animation 000000018001eef0 f   sfc_debug:sfcdebug.obj
 0001:0001df10       sf_debug_get_script_id     000000018001ef10 f   sfc_debug:sfcdebug.obj
 0001:0001dfa0       sf_debug_set_script_translation 000000018001efa0 f   sfc_debug:sfcdebug.obj
 0001:0001e120       sf_debug_extract_message_post_receive_info 000000018001f120 f   sfc_debug:sfcdebug.obj
 0001:0001e220       sf_debug_get_current_machine_id 000000018001f220 f   sfc_debug:sfcdebug.obj
 0001:0001e240       sf_debug_get_current_optional_integer 000000018001f240 f   sfc_debug:sfcdebug.obj
 0001:0001e250       sf_debug_get_current_machine_number 000000018001f250 f   sfc_debug:sfcdebug.obj
 0001:0001e270       sf_debug_get_current_machine_name 000000018001f270 f   sfc_debug:sfcdebug.obj
 0001:0001e290       sf_debug_get_current_chart_id 000000018001f290 f   sfc_debug:sfcdebug.obj
 0001:0001e2e0       sf_debug_get_current_chart_number 000000018001f2e0 f   sfc_debug:sfcdebug.obj
 0001:0001e2f0       sf_debug_get_current_instance_number 000000018001f2f0 f   sfc_debug:sfcdebug.obj
 0001:0001e300       sf_debug_get_current_is_minor_time_step 000000018001f300 f   sfc_debug:sfcdebug.obj
 0001:0001e380       sf_debug_get_current_object_type 000000018001f380 f   sfc_debug:sfcdebug.obj
 0001:0001e390       sf_debug_get_current_instance_handle 000000018001f390 f   sfc_debug:sfcdebug.obj
 0001:0001e3f0       sf_debug_get_current_event_type 000000018001f3f0 f   sfc_debug:sfcdebug.obj
 0001:0001e400       sf_debug_get_current_object_id 000000018001f400 f   sfc_debug:sfcdebug.obj
 0001:0001e440       sf_debug_get_current_active_event_type 000000018001f440 f   sfc_debug:sfcdebug.obj
 0001:0001e450       sf_debug_get_current_active_event_id 000000018001f450 f   sfc_debug:sfcdebug.obj
 0001:0001e490       sf_debug_get_current_tag_type 000000018001f490 f   sfc_debug:sfcdebug.obj
 0001:0001e4a0       sf_debug_get_current_simulation_time 000000018001f4a0 f   sfc_debug:sfcdebug.obj
 0001:0001e4b0       sf_debug_get_current_coverage_percentage 000000018001f4b0 f   sfc_debug:sfcdebug.obj
 0001:0001e4c0       sf_debug_current_statement_context 000000018001f4c0 f   sfc_debug:sfcdebug.obj
 0001:0001e550       sf_debug_get_current_statement_info 000000018001f550 f   sfc_debug:sfcdebug.obj
 0001:0001e6d0       sf_debug_terminate_instance 000000018001f6d0 f   sfc_debug:sfcdebug.obj
 0001:0001ea10       sf_debug_assertion_failed  000000018001fa10 f   sfc_debug:sfcdebug.obj
 0001:0001ec70       sf_debug_set_number_of_data_with_change_event_for_machine 000000018001fc70 f   sfc_debug:sfcdebug.obj
 0001:0001ecb0       sf_debug_set_machine_event_thresholds 000000018001fcb0 f   sfc_debug:sfcdebug.obj
 0001:0001ecd0       sf_debug_set_machine_event_scope 000000018001fcd0 f   sfc_debug:sfcdebug.obj
 0001:0001ed10       sf_debug_set_machine_data_thresholds 000000018001fd10 f   sfc_debug:sfcdebug.obj
 0001:0001ed50       sf_debug_set_machine_data_scope 000000018001fd50 f   sfc_debug:sfcdebug.obj
 0001:0001ede0       sf_debug_set_machine_data_name 000000018001fde0 f   sfc_debug:sfcdebug.obj
 0001:0001ee80       sf_debug_set_machine_data_size 000000018001fe80 f   sfc_debug:sfcdebug.obj
 0001:0001efc0       sf_debug_set_machine_data_type 000000018001ffc0 f   sfc_debug:sfcdebug.obj
 0001:0001f130       sf_debug_get_chart_data_number 0000000180020130 f   sfc_debug:sfcdebug.obj
 0001:0001f150       sf_debug_get_chart_event_number 0000000180020150 f   sfc_debug:sfcdebug.obj
 0001:0001f170       sf_debug_set_chart_state_info 0000000180020170 f   sfc_debug:sfcdebug.obj
 0001:0001f1f0       sf_debug_set_chart_decomposition 00000001800201f0 f   sfc_debug:sfcdebug.obj
 0001:0001f260       sf_debug_set_chart_substate_count 0000000180020260 f   sfc_debug:sfcdebug.obj
 0001:0001f340       sf_debug_set_chart_substate_index 0000000180020340 f   sfc_debug:sfcdebug.obj
 0001:0001f3b0       sf_debug_set_chart_state_substate_count 00000001800203b0 f   sfc_debug:sfcdebug.obj
 0001:0001f4c0       sf_debug_set_chart_state_substate_index 00000001800204c0 f   sfc_debug:sfcdebug.obj
 0001:0001f540       sf_debug_set_number_of_data_with_change_event_for_chart 0000000180020540 f   sfc_debug:sfcdebug.obj
 0001:0001f5c0       sf_debug_set_number_of_states_with_entry_event_for_chart 00000001800205c0 f   sfc_debug:sfcdebug.obj
 0001:0001f630       sf_debug_set_number_of_states_with_exit_event_for_chart 0000000180020630 f   sfc_debug:sfcdebug.obj
 0001:0001f6a0       sf_debug_set_chart_disable_implicit_casting 00000001800206a0 f   sfc_debug:sfcdebug.obj
 0001:0001f710       sf_debug_set_chart_event_thresholds 0000000180020710 f   sfc_debug:sfcdebug.obj
 0001:0001f780       sf_debug_set_chart_data_compiled_props 0000000180020780 f   sfc_debug:sfcdebug.obj
 0001:0001fad0       sf_debug_set_chart_data_props 0000000180020ad0 f   sfc_debug:sfcdebug.obj
 0001:0001fdf0       sf_debug_check_fi_license  0000000180020df0 f   sfc_debug:sfcdebug.obj
 0001:0001ffe0       sf_debug_symbol_scope_push 0000000180020fe0 f   sfc_debug:sfcdebug.obj
 0001:00020020       sf_debug_symbol_scope_push_eml 0000000180021020 f   sfc_debug:sfcdebug.obj
 0001:00020070       sf_debug_symbol_scope_pop  0000000180021070 f   sfc_debug:sfcdebug.obj
 0001:000200b0       sf_debug_symbol_scope_add_importable 00000001800210b0 f   sfc_debug:sfcdebug.obj
 0001:00020130       sf_debug_symbol_scope_add  0000000180021130 f   sfc_debug:sfcdebug.obj
 0001:000201b0       sf_debug_symbol_scope_add_dyn_importable 00000001800211b0 f   sfc_debug:sfcdebug.obj
 0001:00020270       sf_debug_symbol_scope_add_dyn 0000000180021270 f   sfc_debug:sfcdebug.obj
 0001:000202a0       sf_debug_symbol_scope_add_eml_importable 00000001800212a0 f   sfc_debug:sfcdebug.obj
 0001:000202e0       sf_debug_symbol_scope_add_eml 00000001800212e0 f   sfc_debug:sfcdebug.obj
 0001:00020320       sf_debug_symbol_scope_add_eml_dyn_importable 0000000180021320 f   sfc_debug:sfcdebug.obj
 0001:00020390       sf_debug_symbol_scope_add_eml_dyn 0000000180021390 f   sfc_debug:sfcdebug.obj
 0001:000203f0       sf_debug_symbol_switch     00000001800213f0 f   sfc_debug:sfcdebug.obj
 0001:00020410       sf_debug_symbol_scope_add_verbose 0000000180021410 f   sfc_debug:sfcdebug.obj
 0001:000204e0       sf_debug_set_machine_data_value_ptr 00000001800214e0 f   sfc_debug:sfcdebug.obj
 0001:00020520       sf_debug_set_instance_data_value_ptr 0000000180021520 f   sfc_debug:sfcdebug.obj
 0001:000205e0       sf_debug_unset_instance_data_value_ptr 00000001800215e0 f   sfc_debug:sfcdebug.obj
 0001:00020690       sf_debug_set_chart_event_scope 0000000180021690 f   sfc_debug:sfcdebug.obj
 0001:00020710       sf_debug_set_chart_transition_coverage_maps 0000000180021710 f   sfc_debug:sfcdebug.obj
 0001:00020820       sf_debug_set_chart_state_coverage_maps 0000000180021820 f   sfc_debug:sfcdebug.obj
 0001:00020900       sf_debug_set_instance_transition_coverage_weights 0000000180021900 f   sfc_debug:sfcdebug.obj
 0001:000209a0       sf_debug_set_instance_state_coverage_weights 00000001800219a0 f   sfc_debug:sfcdebug.obj
 0001:00020bf0       sf_debug_unload_machine    0000000180021bf0 f   sfc_debug:sfcdebug.obj
 0001:00020c40       sf_debug_load_machine      0000000180021c40 f   sfc_debug:sfcdebug.obj
 0001:00020d40       sf_debug_set_active_instance_in_data_dictionary 0000000180021d40 f   sfc_debug:sfcdebug.obj
 0001:00020f20       sf_debug_set_active_instance 0000000180021f20 f   sfc_debug:sfcdebug.obj
 0001:00021080       sf_debug_chart_visiblity_change 0000000180022080 f   sfc_debug:sfcdebug.obj
 0001:00021180       sf_debug_select_chart      0000000180022180 f   sfc_debug:sfcdebug.obj
 0001:000212f0       sf_debug_set_instance_cv_ids 00000001800222f0 f   sfc_debug:sfcdebug.obj
 0001:00021600       sf_debug_select_charts     0000000180022600 f   sfc_debug:sfcdebug.obj
 0001:00021790       sf_debug_initialized       0000000180022790 f   sfc_debug:sfcdebug.obj
 0001:000217a0       sf_debug_is_uninterruptible 00000001800227a0 f   sfc_debug:sfcdebug.obj
 0001:000217d0       sf_debug_initialize_debugger_gui 00000001800227d0 f   sfc_debug:sfcdebug.obj
 0001:00021bc0       sf_debug_resume            0000000180022bc0 f   sfc_debug:sfcdebug.obj
 0001:00021be0       sf_debug_go                0000000180022be0 f   sfc_debug:sfcdebug.obj
 0001:00021bf0       sf_debug_break             0000000180022bf0 f   sfc_debug:sfcdebug.obj
 0001:00021c00       sf_debug_step_over         0000000180022c00 f   sfc_debug:sfcdebug.obj
 0001:00021c10       sf_debug_step_out          0000000180022c10 f   sfc_debug:sfcdebug.obj
 0001:00021c20       sf_debug_set_disable_all_breakpoints 0000000180022c20 f   sfc_debug:sfcdebug.obj
 0001:00021c30       sf_debug_disable_all_breakpoints_and_go 0000000180022c30 f   sfc_debug:sfcdebug.obj
 0001:00021c40       sf_debug_break_on_chart_entry 0000000180022c40 f   sfc_debug:sfcdebug.obj
 0001:00021c50       sf_debug_break_on_event_broadcast 0000000180022c50 f   sfc_debug:sfcdebug.obj
 0001:00021c60       sf_debug_break_on_state_entry 0000000180022c60 f   sfc_debug:sfcdebug.obj
 0001:00021c70       sf_debug_break_between_times 0000000180022c70 f   sfc_debug:sfcdebug.obj
 0001:00021c90       sf_debug_browse_data       0000000180022c90 f   sfc_debug:sfcdebug.obj
 0001:00021cb0       sf_debug_watch_data        0000000180022cb0 f   sfc_debug:sfcdebug.obj
 0001:00021cd0       sf_debug_assign_data       0000000180022cd0 f   sfc_debug:sfcdebug.obj
 0001:00021cf0       sf_debug_whos              0000000180022cf0 f   sfc_debug:sfcdebug.obj
 0001:00021d10       sf_debug_get_consistency_info 0000000180022d10 f   sfc_debug:sfcdebug.obj
 0001:00021d20       sf_debug_browse_trace      0000000180022d20 f   sfc_debug:sfcdebug.obj
 0001:00021d30       sf_debug_set_breakpoints   0000000180022d30 f   sfc_debug:sfcdebug.obj
 0001:00021e90       sf_debug_set_eml_breakpoints 0000000180022e90 f   sfc_debug:sfcdebug.obj
 0001:00021ff0       sf_debug_set_script_breakpoints 0000000180022ff0 f   sfc_debug:sfcdebug.obj
 0001:00022070       sf_debug_add_script_breakpoints 0000000180023070 f   sfc_debug:sfcdebug.obj
 0001:000220e0       sf_debug_clear_script_breakpoints 00000001800230e0 f   sfc_debug:sfcdebug.obj
 0001:00022150       sf_debug_query_script_breakpoints 0000000180023150 f   sfc_debug:sfcdebug.obj
 0001:00022210       sf_debug_get_eml_script_id 0000000180023210 f   sfc_debug:sfcdebug.obj
 0001:00022260       sf_debug_set_watch         0000000180023260 f   sfc_debug:sfcdebug.obj
 0001:00022490       sf_debug_get_instance_handle 0000000180023490 f   sfc_debug:sfcdebug.obj
 0001:00022520       sf_debug_get_active_states 0000000180023520 f   sfc_debug:sfcdebug.obj
 0001:00022530       sf_debug_get_animation     0000000180023530 f   sfc_debug:sfcdebug.obj
 0001:00022540       sf_debug_set_animation     0000000180023540 f   sfc_debug:sfcdebug.obj
 0001:00022550       sf_debug_animate           0000000180023550 f   sfc_debug:sfcdebug.obj
 0001:00022580       sf_debug_cycle_detection_check 0000000180023580 f   sfc_debug:sfcdebug.obj
 0001:00022590       sf_debug_data_range_check  0000000180023590 f   sfc_debug:sfcdebug.obj
 0001:000225a0       sf_debug_transition_conflict_check 00000001800235a0 f   sfc_debug:sfcdebug.obj
 0001:000225b0       sf_debug_state_consistency_check 00000001800235b0 f   sfc_debug:sfcdebug.obj
 0001:000225c0       sf_debug_data_range_check_enabled 00000001800235c0 f   sfc_debug:sfcdebug.obj
 0001:000225e0       sf_debug_transition_conflict_check_enabled 00000001800235e0 f   sfc_debug:sfcdebug.obj
 0001:00022600       sf_debug_transition_conflict_check_begin 0000000180023600 f   sfc_debug:sfcdebug.obj
 0001:00022620       sf_debug_transition_conflict_check_end 0000000180023620 f   sfc_debug:sfcdebug.obj
 0001:00022640       sf_debug_stop_debugging    0000000180023640 f   sfc_debug:sfcdebug.obj
 0001:00022670       sf_debug_is_cycle_detected 0000000180023670 f   sfc_debug:sfcdebug.obj
 0001:00022680       sf_debug_is_array_bounds_detected 0000000180023680 f   sfc_debug:sfcdebug.obj
 0001:00022690       sf_debug_get_state_vectors_data_size 0000000180023690 f   sfc_debug:sfcdebug.obj
 0001:000226d0       sf_debug_get_state_vectors_data 00000001800236d0 f   sfc_debug:sfcdebug.obj
 0001:000227d0       sf_debug_set_state_vectors_data 00000001800237d0 f   sfc_debug:sfcdebug.obj
 0001:00022a90       sf_debug_get_script_index  0000000180023a90 f   sfc_debug:sfcdebug.obj
 0001:00022c20       sf_debug_add_script        0000000180023c20 f   sfc_debug:sfcdebug.obj
 0001:00022db0       cv_eval_point              0000000180023db0 f   sfc_debug:sfcdebug.obj
 0001:00022f20       cv_eval_testobjective      0000000180023f20 f   sfc_debug:sfcdebug.obj
 0001:00023040       sf_debug_cv_init_state     0000000180024040 f   sfc_debug:sfcdebug.obj
 0001:00023160       sf_debug_cv_init_chart     0000000180024160 f   sfc_debug:sfcdebug.obj
 0001:00023240       sf_debug_cv_init_trans     0000000180024240 f   sfc_debug:sfcdebug.obj
 0001:00023340       sf_debug_cv_init_testobjectives 0000000180024340 f   sfc_debug:sfcdebug.obj
 0001:00023520       cv_eml_init_script         0000000180024520 f   sfc_debug:sfcdebug.obj
 0001:00023630       cv_eml_init_fcn            0000000180024630 f   sfc_debug:sfcdebug.obj
 0001:000236e0       cv_eml_init_testobjective  00000001800246e0 f   sfc_debug:sfcdebug.obj
 0001:000237b0       cv_eml_init_saturation     00000001800247b0 f   sfc_debug:sfcdebug.obj
 0001:00023870       cv_eml_init_if             0000000180024870 f   sfc_debug:sfcdebug.obj
 0001:00023940       cv_eml_init_for            0000000180024940 f   sfc_debug:sfcdebug.obj
 0001:00023a00       cv_eml_init_while          0000000180024a00 f   sfc_debug:sfcdebug.obj
 0001:00023ac0       cv_eml_init_mcdc           0000000180024ac0 f   sfc_debug:sfcdebug.obj
 0001:00023bd0       cv_eml_init_switch         0000000180024bd0 f   sfc_debug:sfcdebug.obj
 0001:00023cc0       cv_eml_eval                0000000180024cc0 f   sfc_debug:sfcdebug.obj
 0001:00023da0       sf_debug_bm_is_a_eml_breakpoint 0000000180024da0 f   sfc_debug:sfcdebug.obj
 0001:00023ef0       sf_debug_temporal_threshold 0000000180024ef0 f   sfc_debug:sfcdebug.obj
 0001:00024250       sf_debug_transition_conflict_error 0000000180025250 f   sfc_debug:sfcdebug.obj
 0001:000245d0       sf_debug_state_inconsistency_error 00000001800255d0 f   sfc_debug:sfcdebug.obj
 0001:000246f0       sf_debug_check_for_state_inconsistency 00000001800256f0 f   sfc_debug:sfcdebug.obj
 0001:00024720       sf_debug_cycle_detecton_error 0000000180025720 f   sfc_debug:sfcdebug.obj
 0001:00024ef0       sf_debug_size_eq_check_1d  0000000180025ef0 f   sfc_debug:sfcdebug.obj
 0001:00024f10       sf_debug_size_eq_check_nd  0000000180025f10 f   sfc_debug:sfcdebug.obj
 0001:000250f0       sf_debug_dim_size_eq_check 00000001800260f0 f   sfc_debug:sfcdebug.obj
 0001:00025120       sf_debug_dim_size_geq_check 0000000180026120 f   sfc_debug:sfcdebug.obj
 0001:00025150       sf_debug_sub_assign_size_check_nd 0000000180026150 f   sfc_debug:sfcdebug.obj
 0001:00025390       sf_debug_matrix_matrix_index_check 0000000180026390 f   sfc_debug:sfcdebug.obj
 0001:000253c0       sf_debug_vector_vector_index_check 00000001800263c0 f   sfc_debug:sfcdebug.obj
 0001:000253f0       sf_debug_for_loop_vector_check 00000001800263f0 f   sfc_debug:sfcdebug.obj
 0001:00025480       sf_debug_runtime_error_msgid 0000000180026480 f   sfc_debug:sfcdebug.obj
 0001:00025510       sf_debug_data_array_bounds_error_check 0000000180026510 f   sfc_debug:sfcdebug.obj
 0001:00025620       sf_debug_eml_data_array_bounds_error_check 0000000180026620 f   sfc_debug:sfcdebug.obj
 0001:00025b00       sf_debug_integer_check     0000000180026b00 f   sfc_debug:sfcdebug.obj
 0001:00025be0       sf_debug_not_nan_check     0000000180026be0 f   sfc_debug:sfcdebug.obj
 0001:00025ca0       sf_debug_non_negative_check 0000000180026ca0 f   sfc_debug:sfcdebug.obj
 0001:00025d60       sf_debug_overflow_detection 0000000180026d60 f   sfc_debug:sfcdebug.obj
 0001:00026450       sf_debug_cast_to_real32_T  0000000180027450 f   sfc_debug:sfcdebug.obj
 0001:00026510       sf_debug_cast_to_int8_T    0000000180027510 f   sfc_debug:sfcdebug.obj
 0001:000265d0       sf_debug_cast_to_uint8_T   00000001800275d0 f   sfc_debug:sfcdebug.obj
 0001:00026690       sf_debug_cast_to_int16_T   0000000180027690 f   sfc_debug:sfcdebug.obj
 0001:00026750       sf_debug_cast_to_uint16_T  0000000180027750 f   sfc_debug:sfcdebug.obj
 0001:00026810       sf_debug_cast_to_int32_T   0000000180027810 f   sfc_debug:sfcdebug.obj
 0001:000268d0       sf_debug_cast_to_uint32_T  00000001800278d0 f   sfc_debug:sfcdebug.obj
 0001:00026990       sf_debug_data_range_error  0000000180027990 f   sfc_debug:sfcdebug.obj
 0001:00026ce0       sf_debug_read_before_write_check 0000000180027ce0 f   sfc_debug:sfcdebug.obj
 0001:00027140       sf_debug_data_range_error_wrapper_min_max 0000000180028140 f   sfc_debug:sfcdebug.obj
 0001:00027230       sf_debug_data_range_error_wrapper_min 0000000180028230 f   sfc_debug:sfcdebug.obj
 0001:00027310       sf_debug_data_range_error_wrapper_max 0000000180028310 f   sfc_debug:sfcdebug.obj
 0001:000273f0       sf_debug_data_range_wrapper 00000001800283f0 f   sfc_debug:sfcdebug.obj
 0001:000274a0       sf_debug_set_current_status_info 00000001800284a0 f   sfc_debug:sfcdebug.obj
 0001:00027850       sf_debug_register_message_post_receive_info 0000000180028850 f   sfc_debug:sfcdebug.obj
 0001:00027ac0       sf_debug_call              0000000180028ac0 f   sfc_debug:sfcdebug.obj
 0001:00028720       sf_debug_initialize_machine 0000000180029720 f   sfc_debug:sfcdebug.obj
 0001:00028a30       sf_debug_initialize_chart  0000000180029a30 f   sfc_debug:sfcdebug.obj
 0001:00028e80       sf_debug_ensure_script     0000000180029e80 f   sfc_debug:sfcdebug.obj
 0001:00028f40       cv_script_init_script      0000000180029f40 f   sfc_debug:sfcdebug.obj
 0001:00029030       cv_script_init_fcn         000000018002a030 f   sfc_debug:sfcdebug.obj
 0001:000290e0       cv_script_init_testobjective 000000018002a0e0 f   sfc_debug:sfcdebug.obj
 0001:00029190       cv_script_init_if          000000018002a190 f   sfc_debug:sfcdebug.obj
 0001:00029240       cv_script_init_for         000000018002a240 f   sfc_debug:sfcdebug.obj
 0001:000292f0       cv_script_init_while       000000018002a2f0 f   sfc_debug:sfcdebug.obj
 0001:000293a0       cv_script_init_mcdc        000000018002a3a0 f   sfc_debug:sfcdebug.obj
 0001:000294a0       cv_script_init_switch      000000018002a4a0 f   sfc_debug:sfcdebug.obj
 0001:00029580       cv_script_eval             000000018002a580 f   sfc_debug:sfcdebug.obj
 0001:00029660       eml_debug_line_call        000000018002a660 f   sfc_debug:sfcdebug.obj
 0001:00029810       sf_debug_terminate         000000018002a810 f   sfc_debug:sfcdebug.obj
 0001:00029980       sf_debug_set_script_cv_ids 000000018002a980 f   sfc_debug:sfcdebug.obj
 0001:00029ab0       sf_debug_api               000000018002aab0 f   sfc_debug:sfc_api.obj
 0001:0002b160       sf_debug_sm_terminate      000000018002c160 f   sfc_debug:sfdb_animation.obj
 0001:0002b320       sf_debug_reset_path_objects 000000018002c320 f   sfc_debug:sfdb_animation.obj
 0001:0002b3a0       sf_debug_sm_reset_object_selection_status 000000018002c3a0 f   sfc_debug:sfdb_animation.obj
 0001:0002b440       sf_debug_sm_reset_state_buffer 000000018002c440 f   sfc_debug:sfdb_animation.obj
 0001:0002b510       sf_debug_sm_store_state_buffer 000000018002c510 f   sfc_debug:sfdb_animation.obj
 0001:0002b590       sf_debug_sm_restore_state_buffer1 000000018002c590 f   sfc_debug:sfdb_animation.obj
 0001:0002b600       sf_debug_sm_restore_state_buffer2 000000018002c600 f   sfc_debug:sfdb_animation.obj
 0001:0002b670       sf_debug_sm_chart_active   000000018002c670 f   sfc_debug:sfdb_animation.obj
 0001:0002b6c0       sf_debug_sm_select_active_objects 000000018002c6c0 f   sfc_debug:sfdb_animation.obj
 0001:0002bbb0       sf_debug_sm_is_chart_active 000000018002cbb0 f   sfc_debug:sfdb_animation.obj
 0001:0002bbf0       sf_debug_sm_is_state_active 000000018002cbf0 f   sfc_debug:sfdb_animation.obj
 0001:0002be30       sf_debug_sm_get_active_states 000000018002ce30 f   sfc_debug:sfdb_animation.obj
 0001:0002c3f0       sf_debug_sm_initialize_instance 000000018002d3f0 f   sfc_debug:sfdb_animation.obj
 0001:0002c610       sf_debug_sm_change_object_selection_status 000000018002d610 f   sfc_debug:sfdb_animation.obj
 0001:0002c920       cv_create_interface        000000018002d920 f   sfc_debug:cv_sfinterface.obj
 0001:0002cc80       cv_init_trans              000000018002dc80 f   sfc_debug:cv_sfinterface.obj
 0001:0002ccd0       cv_init_testobjective      000000018002dcd0 f   sfc_debug:cv_sfinterface.obj
 0001:0002cd10       cv_init_state              000000018002dd10 f   sfc_debug:cv_sfinterface.obj
 0001:0002cd80       cv_init_chart              000000018002dd80 f   sfc_debug:cv_sfinterface.obj
 0001:0002cdd0       cv_dec_update_call         000000018002ddd0 f   sfc_debug:cv_sfinterface.obj
 0001:0002ce10       cv_cond_update_call        000000018002de10 f   sfc_debug:cv_sfinterface.obj
 0001:0002ce50       cv_testobjective_update_call 000000018002de50 f   sfc_debug:cv_sfinterface.obj
 0001:0002ce90       cv_sigrange_update         000000018002de90 f   sfc_debug:cv_sfinterface.obj
 0001:0002ced0       cvsf_eml_eval              000000018002ded0 f   sfc_debug:cv_sfinterface.obj
 0001:0002cfc0       cvsf_eml_init_script       000000018002dfc0 f   sfc_debug:cv_sfinterface.obj
 0001:0002d050       cvsf_eml_init_fcn          000000018002e050 f   sfc_debug:cv_sfinterface.obj
 0001:0002d0b0       cvsf_eml_init_testobjective 000000018002e0b0 f   sfc_debug:cv_sfinterface.obj
 0001:0002d110       cvsf_eml_init_saturation   000000018002e110 f   sfc_debug:cv_sfinterface.obj
 0001:0002d160       cvsf_eml_init_if           000000018002e160 f   sfc_debug:cv_sfinterface.obj
 0001:0002d1c0       cvsf_eml_init_for          000000018002e1c0 f   sfc_debug:cv_sfinterface.obj
 0001:0002d210       cvsf_eml_init_while        000000018002e210 f   sfc_debug:cv_sfinterface.obj
 0001:0002d260       cvsf_eml_init_mcdc         000000018002e260 f   sfc_debug:cv_sfinterface.obj
 0001:0002d2f0       cvsf_eml_init_switch       000000018002e2f0 f   sfc_debug:cv_sfinterface.obj
 0001:0002d360       cvsf_script_eval           000000018002e360 f   sfc_debug:cv_sfinterface.obj
 0001:0002d450       cvsf_script_init_script    000000018002e450 f   sfc_debug:cv_sfinterface.obj
 0001:0002d4e0       cvsf_script_init_fcn       000000018002e4e0 f   sfc_debug:cv_sfinterface.obj
 0001:0002d540       cvsf_script_init_testobjective 000000018002e540 f   sfc_debug:cv_sfinterface.obj
 0001:0002d5a0       cvsf_script_init_saturation 000000018002e5a0 f   sfc_debug:cv_sfinterface.obj
 0001:0002d5f0       cvsf_script_init_if        000000018002e5f0 f   sfc_debug:cv_sfinterface.obj
 0001:0002d650       cvsf_script_init_for       000000018002e650 f   sfc_debug:cv_sfinterface.obj
 0001:0002d6a0       cvsf_script_init_while     000000018002e6a0 f   sfc_debug:cv_sfinterface.obj
 0001:0002d6f0       cvsf_script_init_mcdc      000000018002e6f0 f   sfc_debug:cv_sfinterface.obj
 0001:0002d780       cvsf_script_init_switch    000000018002e780 f   sfc_debug:cv_sfinterface.obj
 0001:0002d7f0       cv_destroy_interface       000000018002e7f0 f   sfc_debug:cv_sfinterface.obj
 0001:0002d810       cv_create_instance_objects 000000018002e810 f   sfc_debug:cv_sfinterface.obj
 0001:0002dcc0       cv_is_enabled              000000018002ecc0 f   sfc_debug:cv_sfinterface.obj
 0001:0002dcd0       sf_debug_cv_initialize_script 000000018002ecd0 f   sfc_debug:cv_sfinterface.obj
 0001:0002de80       sf_debug_cv_initialize_instance 000000018002ee80 f   sfc_debug:cv_sfinterface.obj
 0001:0002e220       sf_debug_cv_terminate_chart 000000018002f220 f   sfc_debug:cv_sfinterface.obj
 0001:0002e360       cv_call_trans_test         000000018002f360 f   sfc_debug:cv_sfinterface.obj
 0001:0002e370       cv_call_sub_cond_test      000000018002f370 f   sfc_debug:cv_sfinterface.obj
 0001:0002e3b0       sf_debug_st_initialize_machine 000000018002f3b0 f   sfc_debug:sfdb_data_browse.obj
 0001:0002e470       sf_debug_st_initialize_instance 000000018002f470 f   sfc_debug:sfdb_data_browse.obj
 0001:0002e6a0       sf_debug_st_terminate      000000018002f6a0 f   sfc_debug:sfdb_data_browse.obj
 0001:0002ea40       sf_debug_st_set_data_value_ptr_in_machine 000000018002fa40 f   sfc_debug:sfdb_data_browse.obj
 0001:0002ead0       sf_debug_st_set_data_value_ptr_in_instance 000000018002fad0 f   sfc_debug:sfdb_data_browse.obj
 0001:0002ebb0       sf_debug_st_unset_data_value_ptr_in_machine 000000018002fbb0 f   sfc_debug:sfdb_data_browse.obj
 0001:0002ec20       sf_debug_st_unset_data_value_ptr_in_instance 000000018002fc20 f   sfc_debug:sfdb_data_browse.obj
 0001:0002ef30       sf_debug_mx_value          000000018002ff30 f   sfc_debug:sfdb_data_browse.obj
 0001:0002ef90       sf_debug_mx_packed_vector  000000018002ff90 f   sfc_debug:sfdb_data_browse.obj
 0001:0002f070       sf_debug_mx_uint_vector    0000000180030070 f   sfc_debug:sfdb_data_browse.obj
 0001:0002f130       sf_debug_st_get_double_value_from_void_ptr_vector 0000000180030130 f   sfc_debug:sfdb_data_browse.obj
 0001:0002fc20       sf_debug_st_browse_data    0000000180030c20 f   sfc_debug:sfdb_data_browse.obj
 0001:000304b0       sf_debug_hm_initialize_instance 00000001800314b0 f   sfc_debug:sfdb_handle_management.obj
 0001:000309e0       sf_debug_hm_get_object_id  00000001800319e0 f   sfc_debug:sfdb_handle_management.obj
 0001:00031590       sf_debug_hm_update_chart_visibility 0000000180032590 f   sfc_debug:sfdb_handle_management.obj
 0001:00032870       sf_debug_object_is_eml_function 0000000180033870 f   sfc_debug:sfdb_handle_management.obj
 0001:000328e0       sf_debug_hm_initialize_ids_in_machine 00000001800338e0 f   sfc_debug:sfdb_handle_management.obj
 0001:00032a50       sf_debug_hm_initialize_ids_in_chart 0000000180033a50 f   sfc_debug:sfdb_handle_management.obj
 0001:00032b50       sf_debug_hm_initialize_chart 0000000180033b50 f   sfc_debug:sfdb_handle_management.obj
 0001:000332f0       sf_debug_hm_terminate      00000001800342f0 f   sfc_debug:sfdb_handle_management.obj
 0001:00033350       sf_debug_hm_initialize_machine 0000000180034350 f   sfc_debug:sfdb_handle_management.obj
 0001:00033b00       sf_debug_ss_initialize     0000000180034b00 f   sfc_debug:sfdb_symbol_scope.obj
 0001:00033b20       sf_debug_ss_terminate      0000000180034b20 f   sfc_debug:sfdb_symbol_scope.obj
 0001:00033bb0       sf_debug_ss_push_symbol_scope 0000000180034bb0 f   sfc_debug:sfdb_symbol_scope.obj
 0001:00033cb0       sf_debug_ss_push_symbol_scope_eml 0000000180034cb0 f   sfc_debug:sfdb_symbol_scope.obj
 0001:00033d10       sf_debug_ss_pop_symbol_scope 0000000180034d10 f   sfc_debug:sfdb_symbol_scope.obj
 0001:00033dc0       sf_debug_ss_add_symbol     0000000180034dc0 f   sfc_debug:sfdb_symbol_scope.obj
 0001:00033f20       sf_debug_ss_add_symbol_eml 0000000180034f20 f   sfc_debug:sfdb_symbol_scope.obj
 0001:00034c40       sf_debug_ss_set_data_value 0000000180035c40 f   sfc_debug:sfdb_symbol_scope.obj
 0001:00035110       getInstanceNumber          0000000180036110 f   sfc_debug:sfdb_symbol_scope.obj
 0001:000351e0       sf_debug_ss_watch_data     00000001800361e0 f   sfc_debug:sfdb_symbol_scope.obj
 0001:00035380       sf_debug_ss_assign_data    0000000180036380 f   sfc_debug:sfdb_symbol_scope.obj
 0001:00035da0       get_data_entry_name        0000000180036da0 f   sfc_debug:sfdb_symbol_scope.obj
 0001:00035df0       sf_debug_ss_whos           0000000180036df0 f   sfc_debug:sfdb_symbol_scope.obj
 0001:00036510       sf_debug_cc_initialize_chart 0000000180037510 f   sfc_debug:sfdb_coverage.obj
 0001:00036f00       sf_debug_cc_initialize_instance 0000000180037f00 f   sfc_debug:sfdb_coverage.obj
 0001:00037d10       sf_debug_cc_terminate      0000000180038d10 f   sfc_debug:sfdb_coverage.obj
 0001:00037e00       sf_debug_cc_set_transition_maps 0000000180038e00 f   sfc_debug:sfdb_coverage.obj
 0001:00037f30       sf_debug_cc_set_state_maps 0000000180038f30 f   sfc_debug:sfdb_coverage.obj
 0001:00038010       sf_debug_cc_set_transition_weights 0000000180039010 f   sfc_debug:sfdb_coverage.obj
 0001:000382e0       sf_debug_cc_set_state_weights 00000001800392e0 f   sfc_debug:sfdb_coverage.obj
 0001:000385b0       sf_debug_cc_mark_transition_guard 00000001800395b0 f   sfc_debug:sfdb_coverage.obj
 0001:00038640       sf_debug_cc_mark_transition_trigger 0000000180039640 f   sfc_debug:sfdb_coverage.obj
 0001:000386d0       sf_debug_cc_mark_transition_decision 00000001800396d0 f   sfc_debug:sfdb_coverage.obj
 0001:00038740       sf_debug_cc_mark_transition_condition_action 0000000180039740 f   sfc_debug:sfdb_coverage.obj
 0001:00038790       sf_debug_cc_mark_transition_transition_action 0000000180039790 f   sfc_debug:sfdb_coverage.obj
 0001:000387e0       sf_debug_cc_mark_state_entry 00000001800397e0 f   sfc_debug:sfdb_coverage.obj
 0001:00038830       sf_debug_cc_mark_state_during 0000000180039830 f   sfc_debug:sfdb_coverage.obj
 0001:00038880       sf_debug_cc_mark_state_exit 0000000180039880 f   sfc_debug:sfdb_coverage.obj
 0001:000388d0       sf_debug_bm_clear_script_breakpoints 00000001800398d0 f   sfc_debug:sfdb_breakpoints.obj
 0001:00038900       sf_debug_bm_set_script_breakpoint 0000000180039900 f   sfc_debug:sfdb_breakpoints.obj
 0001:00038980       sf_debug_bm_clear_single_script_breakpoint 0000000180039980 f   sfc_debug:sfdb_breakpoints.obj
 0001:00038a00       sf_debug_bm_query_script_breakpoint 0000000180039a00 f   sfc_debug:sfdb_breakpoints.obj
 0001:00038a50       sf_debug_bm_initialize_scripts 0000000180039a50 f   sfc_debug:sfdb_breakpoints.obj
 0001:00039170       sf_debug_bm_terminate      000000018003a170 f   sfc_debug:sfdb_breakpoints.obj
 0001:00039460       sf_debug_bm_remove_all_breakpoints_in_machine 000000018003a460 f   sfc_debug:sfdb_breakpoints.obj
 0001:000394d0       sf_debug_bm_remove_all_breakpoints_in_chart 000000018003a4d0 f   sfc_debug:sfdb_breakpoints.obj
 0001:00039620       sf_debug_bm_initialize_global_breakpoints 000000018003a620 f   sfc_debug:sfdb_breakpoints.obj
 0001:000397a0       sf_debug_bm_set_breakpoint 000000018003a7a0 f   sfc_debug:sfdb_breakpoints.obj
 0001:00039da0       sf_debug_bm_set_eml_breakpoint 000000018003ada0 f   sfc_debug:sfdb_breakpoints.obj
 0001:00039e40       sf_debug_bm_initialize_machine_breakpoint_map 000000018003ae40 f   sfc_debug:sfdb_breakpoints.obj
 0001:0003a260       sf_debug_bm_is_a_breakpoint 000000018003b260 f   sfc_debug:sfdb_breakpoints.obj
 0001:0003a840       sf_debug_bm_get_all_breakpoints_in_machine 000000018003b840 f   sfc_debug:sfdb_breakpoints.obj
 0001:0003ab40       sf_debug_bm_get_all_breakpoints_in_chart 000000018003bb40 f   sfc_debug:sfdb_breakpoints.obj
 0001:0003b800       sf_debug_bm_initialize_machine 000000018003c800 f   sfc_debug:sfdb_breakpoints.obj
 0001:0003b8d0       sf_debug_bm_initialize_chart 000000018003c8d0 f   sfc_debug:sfdb_breakpoints.obj
 0001:0003bcf0       sf_debug_sc_terminate      000000018003ccf0 f   sfc_debug:sfdb_state_consistency.obj
 0001:0003c020       sf_debug_sc_is_chart_consistent 000000018003d020 f   sfc_debug:sfdb_state_consistency.obj
 0001:0003c2d0       sf_debug_sc_get_consistency_error_info 000000018003d2d0 f   sfc_debug:sfdb_state_consistency.obj
 0001:0003c720       sf_debug_tm_terminate      000000018003d720 f   sfc_debug:sfdb_call_stack.obj
 0001:0003c7e0       sf_debug_tm_push_chart_instance 000000018003d7e0 f   sfc_debug:sfdb_call_stack.obj
 0001:0003c930       sf_debug_tm_pop_chart_instance 000000018003d930 f   sfc_debug:sfdb_call_stack.obj
 0001:0003c990       sf_debug_tm_push_trace_node 000000018003d990 f   sfc_debug:sfdb_call_stack.obj
 0001:0003cb20       sf_debug_tm_pop_trace_node 000000018003db20 f   sfc_debug:sfdb_call_stack.obj
 0001:0003cba0       sf_debug_tm_get_current_global_trace_index 000000018003dba0 f   sfc_debug:sfdb_call_stack.obj
 0001:0003cbb0       sf_debug_tm_get_current_local_trace_index 000000018003dbb0 f   sfc_debug:sfdb_call_stack.obj
 0001:0003cbe0       sf_debug_tm_set_cycle_detected_flag 000000018003dbe0 f   sfc_debug:sfdb_call_stack.obj
 0001:0003cc20       sf_debug_tm_set_cycle_started_flag 000000018003dc20 f   sfc_debug:sfdb_call_stack.obj
 0001:0003cc60       sf_debug_tm_get_chart_number_from_stack 000000018003dc60 f   sfc_debug:sfdb_call_stack.obj
 0001:0003ce60       sf_debug_tm_browse_trace   000000018003de60 f   sfc_debug:sfdb_call_stack.obj
 0001:0003d1a0       sf_debug_cd_initialize_instance 000000018003e1a0 f   sfc_debug:sfdb_cycle_detection.obj
 0001:0003d450       sf_debug_cd_mark_processed_transition_in_instance 000000018003e450 f   sfc_debug:sfdb_cycle_detection.obj
 0001:0003d4f0       sf_debug_cd_checksum_push  000000018003e4f0 f   sfc_debug:sfdb_cycle_detection.obj
 0001:0003d7b0       sf_debug_cd_checksum_pop   000000018003e7b0 f   sfc_debug:sfdb_cycle_detection.obj
 0001:0003d820       sf_debug_cd_turn_off_cycle_detection 000000018003e820 f   sfc_debug:sfdb_cycle_detection.obj
 0001:0003d870       sf_debug_cd_terminate      000000018003e870 f   sfc_debug:sfdb_cycle_detection.obj
 0001:0003dab0       md5_initialize_state       000000018003eab0 f   sfc_debug:ckmd5.obj
 0001:0003e520       md5_update_state           000000018003f520 f   sfc_debug:ckmd5.obj
 0001:0003e540       md5_get_hash               000000018003f540 f   sfc_debug:ckmd5.obj
 0001:0003e570       md5_get_hash_for_a_single_string 000000018003f570 f   sfc_debug:ckmd5.obj
 0001:0003e5d4       mxGetPr                    000000018003f5d4 f   libmx:libmx.dll
 0001:0003e5da       mxCreateDoubleScalar       000000018003f5da f   libmx:libmx.dll
 0001:0003e5e0       mxCreateDoubleMatrix_730   000000018003f5e0 f   libmx:libmx.dll
 0001:0003e5e6       mxSetField_730             000000018003f5e6 f   libmx:libmx.dll
 0001:0003e5ec       mxCreateString             000000018003f5ec f   libmx:libmx.dll
 0001:0003e5f2       mxCreateStructMatrix_730   000000018003f5f2 f   libmx:libmx.dll
 0001:0003e5f8       mxDestroyArray             000000018003f5f8 f   libmx:libmx.dll
 0001:0003e5fe       mxDuplicateArray           000000018003f5fe f   libmx:libmx.dll
 0001:0003e604       mxGetString_730            000000018003f604 f   libmx:libmx.dll
 0001:0003e60a       mxIsChar                   000000018003f60a f   libmx:libmx.dll
 0001:0003e610       mxGetClassID               000000018003f610 f   libmx:libmx.dll
 0001:0003e616       mxIsNumeric                000000018003f616 f   libmx:libmx.dll
 0001:0003e61c       mxIsComplex                000000018003f61c f   libmx:libmx.dll
 0001:0003e622       mxGetN                     000000018003f622 f   libmx:libmx.dll
 0001:0003e628       mxGetM                     000000018003f628 f   libmx:libmx.dll
 0001:0003e62e       mxCalloc                   000000018003f62e f   libmx:libmx.dll
 0001:0003e634       mxGetScalar                000000018003f634 f   libmx:libmx.dll
 0001:0003e63a       mxIsLogical                000000018003f63a f   libmx:libmx.dll
 0001:0003e640       mxCreateDoubleMatrix_700   000000018003f640 f   libmx:libmx.dll
 0001:0003e646       mxFree                     000000018003f646 f   libmx:libmx.dll
 0001:0003e64c       mxArrayToString            000000018003f64c f   libmx:libmx.dll
 0001:0003e652       mxCreateCellMatrix_700     000000018003f652 f   libmx:libmx.dll
 0001:0003e658       mxSetCell_700              000000018003f658 f   libmx:libmx.dll
 0001:0003e65e       mxGetCell_700              000000018003f65e f   libmx:libmx.dll
 0001:0003e664       mxGetClassName             000000018003f664 f   libmx:libmx.dll
 0001:0003e66a       mxSetField_700             000000018003f66a f   libmx:libmx.dll
 0001:0003e670       mxAddField                 000000018003f670 f   libmx:libmx.dll
 0001:0003e676       mxGetField_700             000000018003f676 f   libmx:libmx.dll
 0001:0003e67c       mxGetNumberOfElements      000000018003f67c f   libmx:libmx.dll
 0001:0003e682       mxIsStruct                 000000018003f682 f   libmx:libmx.dll
 0001:0003e688       mxIsA                      000000018003f688 f   libmx:libmx.dll
 0001:0003e68e       mxIsClass                  000000018003f68e f   libmx:libmx.dll
 0001:0003e694       mxGetLogicals              000000018003f694 f   libmx:libmx.dll
 0001:0003e69a       mxIsSparse                 000000018003f69a f   libmx:libmx.dll
 0001:0003e6a0       mxSetFieldByNumber_700     000000018003f6a0 f   libmx:libmx.dll
 0001:0003e6a6       mxGetFieldByNumber_700     000000018003f6a6 f   libmx:libmx.dll
 0001:0003e6ac       mxGetFieldNameByNumber     000000018003f6ac f   libmx:libmx.dll
 0001:0003e6b2       mxGetNumberOfFields        000000018003f6b2 f   libmx:libmx.dll
 0001:0003e6b8       mxCreateStructMatrix_700   000000018003f6b8 f   libmx:libmx.dll
 0001:0003e6be       mxGetFieldNumber           000000018003f6be f   libmx:libmx.dll
 0001:0003e6c4       mxIsNaN                    000000018003f6c4 f   libmx:libmx.dll
 0001:0003e6ca       mxIsEmpty                  000000018003f6ca f   libmx:libmx.dll
 0001:0003e6d0       mxGetData                  000000018003f6d0 f   libmx:libmx.dll
 0001:0003e6d6       mxGetImagData              000000018003f6d6 f   libmx:libmx.dll
 0001:0003e6dc       mxArrayClassIDName         000000018003f6dc f   libmx:libmx.dll
 0001:0003e6e2       mxCreateNumericMatrix_700  000000018003f6e2 f   libmx:libmx.dll
 0001:0003e6e8       mxCreateStructArray_700    000000018003f6e8 f   libmx:libmx.dll
 0001:0003e6ee       mxCalcSingleSubscript_700  000000018003f6ee f   libmx:libmx.dll
 0001:0003e6f4       mxGetDimensions_700        000000018003f6f4 f   libmx:libmx.dll
 0001:0003e6fa       mxGetNumberOfDimensions_700 000000018003f6fa f   libmx:libmx.dll
 0001:0003e700       mxCreateNumericArray_700   000000018003f700 f   libmx:libmx.dll
 0001:0003e706       mxGetElementSize           000000018003f706 f   libmx:libmx.dll
 0001:0003e70c       mxCreateStringFromNChars_700 000000018003f70c f   libmx:libmx.dll
 0001:0003e712       mxGetString_700            000000018003f712 f   libmx:libmx.dll
 0001:0003e718       mxIsLogicalScalarTrue      000000018003f718 f   libmx:libmx.dll
 0001:0003e71e       mxCreateLogicalScalar      000000018003f71e f   libmx:libmx.dll
 0001:0003e724       mexUnlock                  000000018003f724 f   libmex:libmex.dll
 0001:0003e72a       mexIsLocked                000000018003f72a f   libmex:libmex.dll
 0001:0003e730       mexWarnMsgTxt              000000018003f730 f   libmex:libmex.dll
 0001:0003e736       mexCallMATLAB              000000018003f736 f   libmex:libmex.dll
 0001:0003e73c       mexErrMsgTxt               000000018003f73c f   libmex:libmex.dll
 0001:0003e742       mexMakeArrayPersistent     000000018003f742 f   libmex:libmex.dll
 0001:0003e748       mexSetTrapFlag             000000018003f748 f   libmex:libmex.dll
 0001:0003e74e       mexPutVariable             000000018003f74e f   libmex:libmex.dll
 0001:0003e754       mexGetVariable             000000018003f754 f   libmex:libmex.dll
 0001:0003e75a       mexLock                    000000018003f75a f   libmex:libmex.dll
 0001:0003e760       mexMakeMemoryPersistent    000000018003f760 f   libmex:libmex.dll
 0001:0003e766       mexFunctionName            000000018003f766 f   libmex:libmex.dll
 0001:0003e76c       ssRegisterDataTypeFxpFSlopeFixExpBias 000000018003f76c f   libfixedpoint:libfixedpoint.dll
 0001:0003e772       utVSNprintf                000000018003f772 f   libut:libut.dll
 0001:0003e778       utCPUtime                  000000018003f778 f   libut:libut.dll
 0001:0003e77e       utFree                     000000018003f77e f   libut:libut.dll
 0001:0003e784       utMalloc                   000000018003f784 f   libut:libut.dll
 0001:0003e78a       muDoubleScalarFloor        000000018003f78a f   libmwmathutil:libmwmathutil.dll
 0001:0003e790       emlrtCreateRootTLS         000000018003f790 f   libemlrt:libemlrt.dll
 0001:0003e796       emlrtDestroyRootTLS        000000018003f796 f   libemlrt:libemlrt.dll
 0001:0003e79c       emlrtCheckBuiltInR2012b    000000018003f79c f   libemlrt:libemlrt.dll
 0001:0003e7a2       emlrtCheckVsBuiltInR2012b  000000018003f7a2 f   libemlrt:libemlrt.dll
 0001:0003e7a8       emlrtCheckEnumR2012b       000000018003f7a8 f   libemlrt:libemlrt.dll
 0001:0003e7ae       emlrtCreateEnumR2012b      000000018003f7ae f   libemlrt:libemlrt.dll
 0001:0003e7b4       emlrtGetEnumElementR2009a  000000018003f7b4 f   libemlrt:libemlrt.dll
 0001:0003e7ba       emlrtCreateReference       000000018003f7ba f   libemlrt:libemlrt.dll
 0001:0003e7c0       emlrtImportVsFiArrayR2009b 000000018003f7c0 f   libemlrt:libemlrt.dll
 0001:0003e7c6       emlrtNameCapturePostProcessR2012a 000000018003f7c6 f   libemlrt:libemlrt.dll
 0001:0003e7cc       emlrtExtractMessageId      000000018003f7cc f   libemlrt:libemlrt.dll
 0001:0003e7d2       emlrtTranslateMessageIDtoLCPstring 000000018003f7d2 f   libemlrt:libemlrt.dll
 0001:0003e7d8       emlrtForLoopVectorIsValidR2011b 000000018003f7d8 f   libemlrt:libemlrt.dll
 0001:0003e7de       emlrtTranslateUTF16MessagetoLCPstring 000000018003f7de f   libemlrt:libemlrt.dll
 0001:0003e7e4       emlrtGetEnumUnderlyingArrayR2009a 000000018003f7e4 f   libemlrt:libemlrt.dll
 0001:0003e7ea       emlrtIsEnumR2009a          000000018003f7ea f   libemlrt:libemlrt.dll
 0001:0003e7f0       X330_Control_initializer   000000018003f7f0 f   X330_Control_sfun:X330_Control_sfun.obj
 0001:0003e800       X330_Control_terminator    000000018003f800 f   X330_Control_sfun:X330_Control_sfun.obj
 0001:0003e810       sf_X330_Control_method_dispatcher 000000018003f810 f   X330_Control_sfun:X330_Control_sfun.obj
 0001:0003e8c0       sf_X330_Control_process_check_sum_call 000000018003f8c0 f   X330_Control_sfun:X330_Control_sfun.obj
 0001:0003ebe0       sf_X330_Control_autoinheritance_info 000000018003fbe0 f   X330_Control_sfun:X330_Control_sfun.obj
 0001:0003ee40       sf_X330_Control_get_eml_resolved_functions_info 000000018003fe40 f   X330_Control_sfun:X330_Control_sfun.obj
 0001:0003f030       X330_Control_debug_initialize 0000000180040030 f   X330_Control_sfun:X330_Control_sfun.obj
 0001:0003f0a0       X330_Control_register_exported_symbols 00000001800400a0 f   X330_Control_sfun:X330_Control_sfun.obj
 0001:0003f0b0       load_X330_Control_optimization_info 00000001800400b0 f   X330_Control_sfun:X330_Control_sfun.obj
 0001:0003f100       unload_X330_Control_optimization_info 0000000180040100 f   X330_Control_sfun:X330_Control_sfun.obj
 0001:0003f130       sf_c7_X330_Control_get_eml_resolved_functions_info 0000000180040130 f   X330_Control_sfun:c7_X330_Control.obj
 0001:0003f1b0       sf_c7_X330_Control_get_check_sum 00000001800401b0 f   X330_Control_sfun:c7_X330_Control.obj
 0001:0003f230       sf_c7_X330_Control_get_autoinheritance_info 0000000180040230 f   X330_Control_sfun:c7_X330_Control.obj
 0001:0003f650       sf_internal_get_sim_state_c7_X330_Control 0000000180040650 f   X330_Control_sfun:c7_X330_Control.obj
 0001:0003f9a0       sf_internal_set_sim_state_c7_X330_Control 00000001800409a0 f   X330_Control_sfun:c7_X330_Control.obj
 0001:0003fda0       c7_X330_Control_method_dispatcher 0000000180040da0 f   X330_Control_sfun:c7_X330_Control.obj
 0001:000416c0       sf_c6_X330_Control_get_eml_resolved_functions_info 00000001800426c0 f   X330_Control_sfun:c6_X330_Control.obj
 0001:00041740       sf_c6_X330_Control_get_check_sum 0000000180042740 f   X330_Control_sfun:c6_X330_Control.obj
 0001:000417c0       sf_c6_X330_Control_get_autoinheritance_info 00000001800427c0 f   X330_Control_sfun:c6_X330_Control.obj
 0001:00041be0       sf_internal_get_sim_state_c6_X330_Control 0000000180042be0 f   X330_Control_sfun:c6_X330_Control.obj
 0001:00041f30       sf_internal_set_sim_state_c6_X330_Control 0000000180042f30 f   X330_Control_sfun:c6_X330_Control.obj
 0001:00042330       c6_X330_Control_method_dispatcher 0000000180043330 f   X330_Control_sfun:c6_X330_Control.obj
 0001:00043c60       sf_c2_X330_Control_get_eml_resolved_functions_info 0000000180044c60 f   X330_Control_sfun:c2_X330_Control.obj
 0001:00043ce0       sf_c2_X330_Control_get_check_sum 0000000180044ce0 f   X330_Control_sfun:c2_X330_Control.obj
 0001:00043d60       sf_c2_X330_Control_get_autoinheritance_info 0000000180044d60 f   X330_Control_sfun:c2_X330_Control.obj
 0001:00044180       sf_internal_get_sim_state_c2_X330_Control 0000000180045180 f   X330_Control_sfun:c2_X330_Control.obj
 0001:000444d0       sf_internal_set_sim_state_c2_X330_Control 00000001800454d0 f   X330_Control_sfun:c2_X330_Control.obj
 0001:000448d0       c2_X330_Control_method_dispatcher 00000001800458d0 f   X330_Control_sfun:c2_X330_Control.obj
 0001:00046200       sf_c1_X330_Control_get_eml_resolved_functions_info 0000000180047200 f   X330_Control_sfun:c1_X330_Control.obj
 0001:00046680       sf_c1_X330_Control_get_check_sum 0000000180047680 f   X330_Control_sfun:c1_X330_Control.obj
 0001:00046700       sf_c1_X330_Control_get_autoinheritance_info 0000000180047700 f   X330_Control_sfun:c1_X330_Control.obj
 0001:00046b20       sf_internal_get_sim_state_c1_X330_Control 0000000180047b20 f   X330_Control_sfun:c1_X330_Control.obj
 0001:00046e70       sf_internal_set_sim_state_c1_X330_Control 0000000180047e70 f   X330_Control_sfun:c1_X330_Control.obj
 0001:00047270       c1_X330_Control_method_dispatcher 0000000180048270 f   X330_Control_sfun:c1_X330_Control.obj
 0001:00048d7c       __GSHandlerCheckCommon     0000000180049d7c f   MSVCRT:gshandler.obj
 0001:00048de0       __GSHandlerCheck           0000000180049de0 f   MSVCRT:gshandler.obj
 0001:00048e10       __security_check_cookie    0000000180049e10 f   MSVCRT:amdsecgs.obj
 0001:00048e30       memset                     0000000180049e30 f   MSVCRT:MSVCR100.dll
 0001:00048e36       malloc                     0000000180049e36 f   MSVCRT:MSVCR100.dll
 0001:00048e3c       free                       0000000180049e3c f   MSVCRT:MSVCR100.dll
 0001:00048e42       strcmp                     0000000180049e42 f   MSVCRT:MSVCR100.dll
 0001:00048e48       sprintf                    0000000180049e48 f   MSVCRT:MSVCR100.dll
 0001:00048e4e       strlen                     0000000180049e4e f   MSVCRT:MSVCR100.dll
 0001:00048e54       strcat                     0000000180049e54 f   MSVCRT:MSVCR100.dll
 0001:00048e5a       memcpy                     0000000180049e5a f   MSVCRT:MSVCR100.dll
 0001:00048e60       NtCurrentTeb               0000000180049e60 f i MSVCRT:crtdll.obj
 0001:00048ecc       _CRT_INIT                  0000000180049ecc f   MSVCRT:crtdll.obj
 0001:00049264       _DllMainCRTStartup         000000018004a264 f   MSVCRT:crtdll.obj
 0001:000492a2       strncpy                    000000018004a2a2 f   MSVCRT:MSVCR100.dll
 0001:000492c0       __chkstk                   000000018004a2c0 f   MSVCRT:chkstk.obj
 0001:000492c0       _alloca_probe              000000018004a2c0     MSVCRT:chkstk.obj
 0001:0004930e       longjmp                    000000018004a30e f   MSVCRT:MSVCR100.dll
 0001:00049314       strncmp                    000000018004a314 f   MSVCRT:MSVCR100.dll
 0001:0004931a       ceil                       000000018004a31a f   MSVCRT:MSVCR100.dll
 0001:00049320       strrchr                    000000018004a320 f   MSVCRT:MSVCR100.dll
 0001:00049326       _setjmp                    000000018004a326 f   MSVCRT:MSVCR100.dll
 0001:0004932c       calloc                     000000018004a32c f   MSVCRT:MSVCR100.dll
 0001:00049332       realloc                    000000018004a332 f   MSVCRT:MSVCR100.dll
 0001:00049338       ldexp                      000000018004a338 f   MSVCRT:MSVCR100.dll
 0001:00049340       __report_gsfailure         000000018004a340 f   MSVCRT:gs_report.obj
 0001:0004948c       __clean_type_info_names    000000018004a48c f   MSVCRT:tncleanup.obj
 0001:00049498       _onexit                    000000018004a498 f   MSVCRT:atonexit.obj
 0001:00049548       atexit                     000000018004a548 f   MSVCRT:atonexit.obj
 0001:00049560       _RTC_Initialize            000000018004a560 f   MSVCRT:_initsect_.obj
 0001:00049598       _RTC_Terminate             000000018004a598 f   MSVCRT:_initsect_.obj
 0001:000495d0       _malloc_crt                000000018004a5d0 f   MSVCRT:MSVCR100.dll
 0001:000495e0       _ValidateImageBase         000000018004a5e0 f   MSVCRT:pesect.obj
 0001:00049610       _FindPESection             000000018004a610 f   MSVCRT:pesect.obj
 0001:00049660       _IsNonwritableInCurrentImage 000000018004a660 f   MSVCRT:pesect.obj
 0001:000496a2       _initterm                  000000018004a6a2 f   MSVCRT:MSVCR100.dll
 0001:000496a8       _initterm_e                000000018004a6a8 f   MSVCRT:MSVCR100.dll
 0001:000496ae       _encoded_null              000000018004a6ae f   MSVCRT:MSVCR100.dll
 0001:000496b4       _amsg_exit                 000000018004a6b4 f   MSVCRT:MSVCR100.dll
 0001:000496ba       __C_specific_handler       000000018004a6ba f   MSVCRT:MSVCR100.dll
 0001:000496c0       __CppXcptFilter            000000018004a6c0 f   MSVCRT:MSVCR100.dll
 0001:000496c8       DllMain                    000000018004a6c8 f   MSVCRT:dllmain.obj
 0001:000496ec       __security_init_cookie     000000018004a6ec f   MSVCRT:gs_support.obj
 0001:000497a0       __crt_debugger_hook        000000018004a7a0 f   MSVCRT:MSVCR100.dll
 0001:000497a6       __clean_type_info_names_internal 000000018004a7a6 f   MSVCRT:MSVCR100.dll
 0001:000497ac       _unlock                    000000018004a7ac f   MSVCRT:MSVCR100.dll
 0001:000497b2       __dllonexit                000000018004a7b2 f   MSVCRT:MSVCR100.dll
 0001:000497b8       _lock                      000000018004a7b8 f   MSVCRT:MSVCR100.dll
 0001:000497be       EncodePointer              000000018004a7be f   kernel32:KERNEL32.dll
 0001:000497c4       DecodePointer              000000018004a7c4 f   kernel32:KERNEL32.dll
 0001:000497ca       Sleep                      000000018004a7ca f   kernel32:KERNEL32.dll
 0001:000497d0       TerminateProcess           000000018004a7d0 f   kernel32:KERNEL32.dll
 0001:000497d6       GetCurrentProcess          000000018004a7d6 f   kernel32:KERNEL32.dll
 0001:000497dc       UnhandledExceptionFilter   000000018004a7dc f   kernel32:KERNEL32.dll
 0001:000497e2       SetUnhandledExceptionFilter 000000018004a7e2 f   kernel32:KERNEL32.dll
 0001:000497e8       IsDebuggerPresent          000000018004a7e8 f   kernel32:KERNEL32.dll
 0001:000497ee       RtlVirtualUnwind           000000018004a7ee f   kernel32:KERNEL32.dll
 0001:000497f4       RtlLookupFunctionEntry     000000018004a7f4 f   kernel32:KERNEL32.dll
 0001:000497fa       RtlCaptureContext          000000018004a7fa f   kernel32:KERNEL32.dll
 0001:00049800       DisableThreadLibraryCalls  000000018004a800 f   kernel32:KERNEL32.dll
 0001:00049806       QueryPerformanceCounter    000000018004a806 f   kernel32:KERNEL32.dll
 0001:0004980c       GetTickCount               000000018004a80c f   kernel32:KERNEL32.dll
 0001:00049812       GetCurrentThreadId         000000018004a812 f   kernel32:KERNEL32.dll
 0001:00049818       GetCurrentProcessId        000000018004a818 f   kernel32:KERNEL32.dll
 0001:0004981e       GetSystemTimeAsFileTime    000000018004a81e f   kernel32:KERNEL32.dll
 0002:00000000       __imp_DisableThreadLibraryCalls 000000018004b000     kernel32:KERNEL32.dll
 0002:00000008       __imp_RtlCaptureContext    000000018004b008     kernel32:KERNEL32.dll
 0002:00000010       __imp_RtlLookupFunctionEntry 000000018004b010     kernel32:KERNEL32.dll
 0002:00000018       __imp_RtlVirtualUnwind     000000018004b018     kernel32:KERNEL32.dll
 0002:00000020       __imp_IsDebuggerPresent    000000018004b020     kernel32:KERNEL32.dll
 0002:00000028       __imp_SetUnhandledExceptionFilter 000000018004b028     kernel32:KERNEL32.dll
 0002:00000030       __imp_UnhandledExceptionFilter 000000018004b030     kernel32:KERNEL32.dll
 0002:00000038       __imp_GetCurrentProcess    000000018004b038     kernel32:KERNEL32.dll
 0002:00000040       __imp_TerminateProcess     000000018004b040     kernel32:KERNEL32.dll
 0002:00000048       __imp_Sleep                000000018004b048     kernel32:KERNEL32.dll
 0002:00000050       __imp_DecodePointer        000000018004b050     kernel32:KERNEL32.dll
 0002:00000058       __imp_EncodePointer        000000018004b058     kernel32:KERNEL32.dll
 0002:00000060       __imp_GetTickCount         000000018004b060     kernel32:KERNEL32.dll
 0002:00000068       __imp_GetCurrentThreadId   000000018004b068     kernel32:KERNEL32.dll
 0002:00000070       __imp_GetCurrentProcessId  000000018004b070     kernel32:KERNEL32.dll
 0002:00000078       __imp_GetSystemTimeAsFileTime 000000018004b078     kernel32:KERNEL32.dll
 0002:00000080       __imp_QueryPerformanceCounter 000000018004b080     kernel32:KERNEL32.dll
 0002:00000088       \177KERNEL32_NULL_THUNK_DATA 000000018004b088     kernel32:KERNEL32.dll
 0002:00000090       __imp_memcpy               000000018004b090     MSVCRT:MSVCR100.dll
 0002:00000098       __imp__onexit              000000018004b098     MSVCRT:MSVCR100.dll
 0002:000000a0       __imp__lock                000000018004b0a0     MSVCRT:MSVCR100.dll
 0002:000000a8       __imp___dllonexit          000000018004b0a8     MSVCRT:MSVCR100.dll
 0002:000000b0       __imp__unlock              000000018004b0b0     MSVCRT:MSVCR100.dll
 0002:000000b8       __imp___clean_type_info_names_internal 000000018004b0b8     MSVCRT:MSVCR100.dll
 0002:000000c0       __imp___crt_debugger_hook  000000018004b0c0     MSVCRT:MSVCR100.dll
 0002:000000c8       __imp___CppXcptFilter      000000018004b0c8     MSVCRT:MSVCR100.dll
 0002:000000d0       __imp___C_specific_handler 000000018004b0d0     MSVCRT:MSVCR100.dll
 0002:000000d8       __imp__amsg_exit           000000018004b0d8     MSVCRT:MSVCR100.dll
 0002:000000e0       __imp__encoded_null        000000018004b0e0     MSVCRT:MSVCR100.dll
 0002:000000e8       __imp__initterm_e          000000018004b0e8     MSVCRT:MSVCR100.dll
 0002:000000f0       __imp__initterm            000000018004b0f0     MSVCRT:MSVCR100.dll
 0002:000000f8       __imp__malloc_crt          000000018004b0f8     MSVCRT:MSVCR100.dll
 0002:00000100       __imp_ldexp                000000018004b100     MSVCRT:MSVCR100.dll
 0002:00000108       __imp_realloc              000000018004b108     MSVCRT:MSVCR100.dll
[...]
 0001:000313f0       sf_debug_hm_register_executing_SFunction 00000001800323f0 f   sfc_debug:sfdb_handle_management.obj
 0001:00031780       sf_debug_hm_form_object_boolean_properties 0000000180032780 f   sfc_debug:sfdb_handle_management.obj
 0001:00031a50       sf_debug_hm_form_object_properties 0000000180032a50 f   sfc_debug:sfdb_handle_management.obj
 0001:00031c90       sf_debug_hm_terminate_charts 0000000180032c90 f   sfc_debug:sfdb_handle_management.obj
 0001:000323f0       sf_debug_hm_terminate_machines 00000001800333f0 f   sfc_debug:sfdb_handle_management.obj
 0001:00033ff0       sf_debug_ss_copy_dimension 0000000180034ff0 f   sfc_debug:sfdb_symbol_scope.obj
 0001:000340b0       sf_debug_ss_get_number_elements 00000001800350b0 f   sfc_debug:sfdb_symbol_scope.obj
 0001:000340d0       sf_debug_ss_fill_data_struct 00000001800350d0 f   sfc_debug:sfdb_symbol_scope.obj
 0001:00034420       sf_debug_ss_reset_data_info 0000000180035420 f   sfc_debug:sfdb_symbol_scope.obj
 0001:00034480       sf_debug_fill_data_info_by_symbol_scope_entry 0000000180035480 f   sfc_debug:sfdb_symbol_scope.obj
 0001:00034540       sf_debug_fill_data_info_by_data_vector 0000000180035540 f   sfc_debug:sfdb_symbol_scope.obj
 0001:00034790       get_data_info_helper       0000000180035790 f   sfc_debug:sfdb_symbol_scope.obj
 0001:00034890       sf_debug_ss_get_data_info  0000000180035890 f   sfc_debug:sfdb_symbol_scope.obj
 0001:00034ac0       sf_debug_select_mex_function 0000000180035ac0 f   sfc_debug:sfdb_symbol_scope.obj
 0001:00034af0       sf_debug_is_dyn_matrix_initialized 0000000180035af0 f   sfc_debug:sfdb_symbol_scope.obj
 0001:00034b10       sf_debug_ss_set_data_value_try 0000000180035b10 f   sfc_debug:sfdb_symbol_scope.obj
 0001:00034ce0       sf_debug_ss_get_data_value 0000000180035ce0 f   sfc_debug:sfdb_symbol_scope.obj
 0001:00035450       sf_debug_ss_data_bytes_string 0000000180036450 f   sfc_debug:sfdb_symbol_scope.obj
 0001:00035500       sf_debug_ss_data_class_string 0000000180036500 f   sfc_debug:sfdb_symbol_scope.obj
 0001:00035890       sf_debug_ss_data_size_string 0000000180036890 f   sfc_debug:sfdb_symbol_scope.obj
 0001:00035970       sf_debug_ss_data_create_data_info_struct 0000000180036970 f   sfc_debug:sfdb_symbol_scope.obj
 0001:00035c40       sf_debug_ss_data_create_name_value_pair 0000000180036c40 f   sfc_debug:sfdb_symbol_scope.obj
 0001:00035ce0       sf_debug_ss_data_get_whos_info 0000000180036ce0 f   sfc_debug:sfdb_symbol_scope.obj
 0001:00035cf0       same_named_data_in_data_array 0000000180036cf0 f   sfc_debug:sfdb_symbol_scope.obj
 0001:00037580       sf_debug_cc_terminate_chart 0000000180038580 f   sfc_debug:sfdb_coverage.obj
 0001:00037920       sf_debug_cc_terminate_instance 0000000180038920 f   sfc_debug:sfdb_coverage.obj
 0001:00038510       sf_debug_cc_mark_object_if_needed 0000000180039510 f   sfc_debug:sfdb_coverage.obj
 0001:00038e10       sf_debug_bm_initialize_eml 0000000180039e10 f   sfc_debug:sfdb_breakpoints.obj
 0001:00039f50       sf_debug_bm_map_debug_tag_to_breakpoint_tag 000000018003af50 f   sfc_debug:sfdb_breakpoints.obj
 0001:0003a030       sf_debug_bm_is_a_eml_breakpoint_impl 000000018003b030 f   sfc_debug:sfdb_breakpoints.obj
 0001:0003bb70       sf_debug_sc_push_on_error_stack 000000018003cb70 f   sfc_debug:sfdb_state_consistency.obj
 0001:0003bca0       sf_debug_sc_reset_error_stack 000000018003cca0 f   sfc_debug:sfdb_state_consistency.obj
 0001:0003be30       sf_debug_sc_is_state_inconsistent 000000018003ce30 f   sfc_debug:sfdb_state_consistency.obj
 0001:0003c130       sf_debug_sc_fill_consistency_info 000000018003d130 f   sfc_debug:sfdb_state_consistency.obj
 0001:0003c710       void_assertion_fcn         000000018003d710 f   sfc_debug:sfdb_call_stack.obj
 0001:0003cc90       sf_debug_tm_fill_local_trace 000000018003dc90 f   sfc_debug:sfdb_call_stack.obj
 0001:0003d260       sf_debug_cd_terminate_instance 000000018003e260 f   sfc_debug:sfdb_cycle_detection.obj
 0001:0003d2c0       sf_debug_cd_free_checksum_stack 000000018003e2c0 f   sfc_debug:sfdb_cycle_detection.obj
 0001:0003d310       sf_debug_cd_reset_pack_strings 000000018003e310 f   sfc_debug:sfdb_cycle_detection.obj
 0001:0003d9d0       md5file_clear              000000018003e9d0 f   sfc_debug:ckmd5.obj
 0001:0003da00       Encode                     000000018003ea00 f   sfc_debug:ckmd5.obj
 0001:0003da50       Decode                     000000018003ea50 f   sfc_debug:ckmd5.obj
 0001:0003daf0       MD5Transform               000000018003eaf0 f   sfc_debug:ckmd5.obj
 0001:0003e340       md5file_addn               000000018003f340 f   sfc_debug:ckmd5.obj
 0001:0003e410       md5file_hash               000000018003f410 f   sfc_debug:ckmd5.obj
 0001:0003f740       get_sim_state_c7_X330_Control 0000000180040740 f   X330_Control_sfun:c7_X330_Control.obj
 0001:0003f8e0       sf_get_sim_state_info_c7_X330_Control 00000001800408e0 f   X330_Control_sfun:c7_X330_Control.obj
 0001:0003fac0       set_sim_state_c7_X330_Control 0000000180040ac0 f   X330_Control_sfun:c7_X330_Control.obj
 0001:0003fba0       c7_update_debugger_state_c7_X330_Control 0000000180040ba0 f   X330_Control_sfun:c7_X330_Control.obj
 0001:0003fbb0       c7_emlrt_marshallIn        0000000180040bb0 f   X330_Control_sfun:c7_X330_Control.obj
 0001:0003fc20       c7_b_emlrt_marshallIn      0000000180040c20 f   X330_Control_sfun:c7_X330_Control.obj
 0001:0003fcb0       c7_d_emlrt_marshallIn      0000000180040cb0 f   X330_Control_sfun:c7_X330_Control.obj
 0001:0003fd10       c7_e_emlrt_marshallIn      0000000180040d10 f   X330_Control_sfun:c7_X330_Control.obj
 0001:0003fe10       mdlProcessParameters_c7_X330_Control 0000000180040e10 f   X330_Control_sfun:c7_X330_Control.obj
 0001:0003fed0       initialize_params_c7_X330_Control 0000000180040ed0 f   X330_Control_sfun:c7_X330_Control.obj
 0001:0003fee0       mdlSetWorkWidths_c7_X330_Control 0000000180040ee0 f   X330_Control_sfun:c7_X330_Control.obj
 0001:00040300       sf_get_instance_specialization 0000000180041300 f   X330_Control_sfun:c7_X330_Control.obj
 0001:00040310       mdlStart_c7_X330_Control   0000000180041310 f   X330_Control_sfun:c7_X330_Control.obj
 0001:00040510       init_dsm_address_info      0000000180041510 f   X330_Control_sfun:c7_X330_Control.obj
 0001:00040520       chart_debug_initialization 0000000180041520 f   X330_Control_sfun:c7_X330_Control.obj
 0001:00040ca0       init_script_number_translation 0000000180041ca0 f   X330_Control_sfun:c7_X330_Control.obj
 0001:00040cb0       c7_sf_marshallOut          0000000180041cb0 f   X330_Control_sfun:c7_X330_Control.obj
 0001:00040d60       c7_sf_marshallIn           0000000180041d60 f   X330_Control_sfun:c7_X330_Control.obj
 0001:00040e00       sf_opaque_initialize_c7_X330_Control 0000000180041e00 f   X330_Control_sfun:c7_X330_Control.obj
 0001:00040e40       initialize_c7_X330_Control 0000000180041e40 f   X330_Control_sfun:c7_X330_Control.obj
 0001:00040e90       sf_opaque_enable_c7_X330_Control 0000000180041e90 f   X330_Control_sfun:c7_X330_Control.obj
 0001:00040eb0       enable_c7_X330_Control     0000000180041eb0 f   X330_Control_sfun:c7_X330_Control.obj
 0001:00040ee0       sf_opaque_disable_c7_X330_Control 0000000180041ee0 f   X330_Control_sfun:c7_X330_Control.obj
 0001:00040f00       disable_c7_X330_Control    0000000180041f00 f   X330_Control_sfun:c7_X330_Control.obj
 0001:00040f30       sf_opaque_gateway_c7_X330_Control 0000000180041f30 f   X330_Control_sfun:c7_X330_Control.obj
 0001:00040f50       sf_c7_X330_Control         0000000180041f50 f   X330_Control_sfun:c7_X330_Control.obj
 0001:00041570       sf_opaque_get_sim_state_c7_X330_Control 0000000180042570 f   X330_Control_sfun:c7_X330_Control.obj
 0001:00041590       sf_opaque_set_sim_state_c7_X330_Control 0000000180042590 f   X330_Control_sfun:c7_X330_Control.obj
 0001:000415c0       sf_opaque_terminate_c7_X330_Control 00000001800425c0 f   X330_Control_sfun:c7_X330_Control.obj
 0001:00041640       finalize_c7_X330_Control   0000000180042640 f   X330_Control_sfun:c7_X330_Control.obj
 0001:00041650       sf_opaque_init_subchart_simstructs 0000000180042650 f   X330_Control_sfun:c7_X330_Control.obj
 0001:00041670       initSimStructsc7_X330_Control 0000000180042670 f   X330_Control_sfun:c7_X330_Control.obj
 0001:00041680       mdlRTW_c7_X330_Control     0000000180042680 f   X330_Control_sfun:c7_X330_Control.obj
 0001:00041cd0       get_sim_state_c6_X330_Control 0000000180042cd0 f   X330_Control_sfun:c6_X330_Control.obj
 0001:00041e70       sf_get_sim_state_info_c6_X330_Control 0000000180042e70 f   X330_Control_sfun:c6_X330_Control.obj
 0001:00042050       set_sim_state_c6_X330_Control 0000000180043050 f   X330_Control_sfun:c6_X330_Control.obj
 0001:00042130       c6_update_debugger_state_c6_X330_Control 0000000180043130 f   X330_Control_sfun:c6_X330_Control.obj
 0001:00042140       c6_emlrt_marshallIn        0000000180043140 f   X330_Control_sfun:c6_X330_Control.obj
 0001:000421b0       c6_b_emlrt_marshallIn      00000001800431b0 f   X330_Control_sfun:c6_X330_Control.obj
 0001:00042240       c6_d_emlrt_marshallIn      0000000180043240 f   X330_Control_sfun:c6_X330_Control.obj
 0001:000422a0       c6_e_emlrt_marshallIn      00000001800432a0 f   X330_Control_sfun:c6_X330_Control.obj
 0001:000423a0       mdlProcessParameters_c6_X330_Control 00000001800433a0 f   X330_Control_sfun:c6_X330_Control.obj
 0001:00042460       initialize_params_c6_X330_Control 0000000180043460 f   X330_Control_sfun:c6_X330_Control.obj
 0001:00042470       mdlSetWorkWidths_c6_X330_Control 0000000180043470 f   X330_Control_sfun:c6_X330_Control.obj
 0001:00042890       sf_get_instance_specialization 0000000180043890 f   X330_Control_sfun:c6_X330_Control.obj
 0001:000428a0       mdlStart_c6_X330_Control   00000001800438a0 f   X330_Control_sfun:c6_X330_Control.obj
 0001:00042aa0       init_dsm_address_info      0000000180043aa0 f   X330_Control_sfun:c6_X330_Control.obj
 0001:00042ab0       chart_debug_initialization 0000000180043ab0 f   X330_Control_sfun:c6_X330_Control.obj
 0001:00043230       init_script_number_translation 0000000180044230 f   X330_Control_sfun:c6_X330_Control.obj
 0001:00043240       c6_sf_marshallOut          0000000180044240 f   X330_Control_sfun:c6_X330_Control.obj
 0001:000432f0       c6_sf_marshallIn           00000001800442f0 f   X330_Control_sfun:c6_X330_Control.obj
 0001:00043390       sf_opaque_initialize_c6_X330_Control 0000000180044390 f   X330_Control_sfun:c6_X330_Control.obj
 0001:000433d0       initialize_c6_X330_Control 00000001800443d0 f   X330_Control_sfun:c6_X330_Control.obj
 0001:00043420       sf_opaque_enable_c6_X330_Control 0000000180044420 f   X330_Control_sfun:c6_X330_Control.obj
 0001:00043440       enable_c6_X330_Control     0000000180044440 f   X330_Control_sfun:c6_X330_Control.obj
 0001:00043470       sf_opaque_disable_c6_X330_Control 0000000180044470 f   X330_Control_sfun:c6_X330_Control.obj
 0001:00043490       disable_c6_X330_Control    0000000180044490 f   X330_Control_sfun:c6_X330_Control.obj
 0001:000434c0       sf_opaque_gateway_c6_X330_Control 00000001800444c0 f   X330_Control_sfun:c6_X330_Control.obj
 0001:000434e0       sf_c6_X330_Control         00000001800444e0 f   X330_Control_sfun:c6_X330_Control.obj
 0001:00043b10       sf_opaque_get_sim_state_c6_X330_Control 0000000180044b10 f   X330_Control_sfun:c6_X330_Control.obj
 0001:00043b30       sf_opaque_set_sim_state_c6_X330_Control 0000000180044b30 f   X330_Control_sfun:c6_X330_Control.obj
 0001:00043b60       sf_opaque_terminate_c6_X330_Control 0000000180044b60 f   X330_Control_sfun:c6_X330_Control.obj
 0001:00043be0       finalize_c6_X330_Control   0000000180044be0 f   X330_Control_sfun:c6_X330_Control.obj
 0001:00043bf0       sf_opaque_init_subchart_simstructs 0000000180044bf0 f   X330_Control_sfun:c6_X330_Control.obj
 0001:00043c10       initSimStructsc6_X330_Control 0000000180044c10 f   X330_Control_sfun:c6_X330_Control.obj
 0001:00043c20       mdlRTW_c6_X330_Control     0000000180044c20 f   X330_Control_sfun:c6_X330_Control.obj
 0001:00044270       get_sim_state_c2_X330_Control 0000000180045270 f   X330_Control_sfun:c2_X330_Control.obj
 0001:00044410       sf_get_sim_state_info_c2_X330_Control 0000000180045410 f   X330_Control_sfun:c2_X330_Control.obj
 0001:000445f0       set_sim_state_c2_X330_Control 00000001800455f0 f   X330_Control_sfun:c2_X330_Control.obj
 0001:000446d0       c2_update_debugger_state_c2_X330_Control 00000001800456d0 f   X330_Control_sfun:c2_X330_Control.obj
 0001:000446e0       c2_emlrt_marshallIn        00000001800456e0 f   X330_Control_sfun:c2_X330_Control.obj
 0001:00044750       c2_b_emlrt_marshallIn      0000000180045750 f   X330_Control_sfun:c2_X330_Control.obj
 0001:000447e0       c2_d_emlrt_marshallIn      00000001800457e0 f   X330_Control_sfun:c2_X330_Control.obj
 0001:00044840       c2_e_emlrt_marshallIn      0000000180045840 f   X330_Control_sfun:c2_X330_Control.obj
 0001:00044940       mdlProcessParameters_c2_X330_Control 0000000180045940 f   X330_Control_sfun:c2_X330_Control.obj
 0001:00044a00       initialize_params_c2_X330_Control 0000000180045a00 f   X330_Control_sfun:c2_X330_Control.obj
 0001:00044a10       mdlSetWorkWidths_c2_X330_Control 0000000180045a10 f   X330_Control_sfun:c2_X330_Control.obj
 0001:00044e30       sf_get_instance_specialization 0000000180045e30 f   X330_Control_sfun:c2_X330_Control.obj
 0001:00044e40       mdlStart_c2_X330_Control   0000000180045e40 f   X330_Control_sfun:c2_X330_Control.obj
 0001:00045040       init_dsm_address_info      0000000180046040 f   X330_Control_sfun:c2_X330_Control.obj
 0001:00045050       chart_debug_initialization 0000000180046050 f   X330_Control_sfun:c2_X330_Control.obj
 0001:000457d0       init_script_number_translation 00000001800467d0 f   X330_Control_sfun:c2_X330_Control.obj
 0001:000457e0       c2_sf_marshallOut          00000001800467e0 f   X330_Control_sfun:c2_X330_Control.obj
 0001:00045890       c2_sf_marshallIn           0000000180046890 f   X330_Control_sfun:c2_X330_Control.obj
 0001:00045930       sf_opaque_initialize_c2_X330_Control 0000000180046930 f   X330_Control_sfun:c2_X330_Control.obj
 0001:00045970       initialize_c2_X330_Control 0000000180046970 f   X330_Control_sfun:c2_X330_Control.obj
 0001:000459c0       sf_opaque_enable_c2_X330_Control 00000001800469c0 f   X330_Control_sfun:c2_X330_Control.obj
 0001:000459e0       enable_c2_X330_Control     00000001800469e0 f   X330_Control_sfun:c2_X330_Control.obj
 0001:00045a10       sf_opaque_disable_c2_X330_Control 0000000180046a10 f   X330_Control_sfun:c2_X330_Control.obj
 0001:00045a30       disable_c2_X330_Control    0000000180046a30 f   X330_Control_sfun:c2_X330_Control.obj
 0001:00045a60       sf_opaque_gateway_c2_X330_Control 0000000180046a60 f   X330_Control_sfun:c2_X330_Control.obj
 0001:00045a80       sf_c2_X330_Control         0000000180046a80 f   X330_Control_sfun:c2_X330_Control.obj
 0001:000460b0       sf_opaque_get_sim_state_c2_X330_Control 00000001800470b0 f   X330_Control_sfun:c2_X330_Control.obj
 0001:000460d0       sf_opaque_set_sim_state_c2_X330_Control 00000001800470d0 f   X330_Control_sfun:c2_X330_Control.obj
 0001:00046100       sf_opaque_terminate_c2_X330_Control 0000000180047100 f   X330_Control_sfun:c2_X330_Control.obj
 0001:00046180       finalize_c2_X330_Control   0000000180047180 f   X330_Control_sfun:c2_X330_Control.obj
 0001:00046190       sf_opaque_init_subchart_simstructs 0000000180047190 f   X330_Control_sfun:c2_X330_Control.obj
 0001:000461b0       initSimStructsc2_X330_Control 00000001800471b0 f   X330_Control_sfun:c2_X330_Control.obj
 0001:000461c0       mdlRTW_c2_X330_Control     00000001800471c0 f   X330_Control_sfun:c2_X330_Control.obj
 0001:00046c10       get_sim_state_c1_X330_Control 0000000180047c10 f   X330_Control_sfun:c1_X330_Control.obj
 0001:00046db0       sf_get_sim_state_info_c1_X330_Control 0000000180047db0 f   X330_Control_sfun:c1_X330_Control.obj
 0001:00046f90       set_sim_state_c1_X330_Control 0000000180047f90 f   X330_Control_sfun:c1_X330_Control.obj
 0001:00047070       c1_update_debugger_state_c1_X330_Control 0000000180048070 f   X330_Control_sfun:c1_X330_Control.obj
 0001:00047080       c1_emlrt_marshallIn        0000000180048080 f   X330_Control_sfun:c1_X330_Control.obj
 0001:000470f0       c1_b_emlrt_marshallIn      00000001800480f0 f   X330_Control_sfun:c1_X330_Control.obj
 0001:00047180       c1_d_emlrt_marshallIn      0000000180048180 f   X330_Control_sfun:c1_X330_Control.obj
 0001:000471e0       c1_e_emlrt_marshallIn      00000001800481e0 f   X330_Control_sfun:c1_X330_Control.obj
 0001:000472e0       mdlProcessParameters_c1_X330_Control 00000001800482e0 f   X330_Control_sfun:c1_X330_Control.obj
 0001:000473a0       initialize_params_c1_X330_Control 00000001800483a0 f   X330_Control_sfun:c1_X330_Control.obj
 0001:000473b0       mdlSetWorkWidths_c1_X330_Control 00000001800483b0 f   X330_Control_sfun:c1_X330_Control.obj
 0001:000477d0       sf_get_instance_specialization 00000001800487d0 f   X330_Control_sfun:c1_X330_Control.obj
 0001:000477e0       mdlStart_c1_X330_Control   00000001800487e0 f   X330_Control_sfun:c1_X330_Control.obj
 0001:000479e0       init_dsm_address_info      00000001800489e0 f   X330_Control_sfun:c1_X330_Control.obj
 0001:000479f0       chart_debug_initialization 00000001800489f0 f   X330_Control_sfun:c1_X330_Control.obj
 0001:000481c0       init_script_number_translation 00000001800491c0 f   X330_Control_sfun:c1_X330_Control.obj
 0001:000481d0       c1_sf_marshallOut          00000001800491d0 f   X330_Control_sfun:c1_X330_Control.obj
 0001:00048280       c1_sf_marshallIn           0000000180049280 f   X330_Control_sfun:c1_X330_Control.obj
 0001:00048320       sf_opaque_initialize_c1_X330_Control 0000000180049320 f   X330_Control_sfun:c1_X330_Control.obj
 0001:00048360       initialize_c1_X330_Control 0000000180049360 f   X330_Control_sfun:c1_X330_Control.obj
 0001:000483b0       sf_opaque_enable_c1_X330_Control 00000001800493b0 f   X330_Control_sfun:c1_X330_Control.obj
 0001:000483d0       enable_c1_X330_Control     00000001800493d0 f   X330_Control_sfun:c1_X330_Control.obj
 0001:00048400       sf_opaque_disable_c1_X330_Control 0000000180049400 f   X330_Control_sfun:c1_X330_Control.obj
 0001:00048420       disable_c1_X330_Control    0000000180049420 f   X330_Control_sfun:c1_X330_Control.obj
 0001:00048450       sf_opaque_gateway_c1_X330_Control 0000000180049450 f   X330_Control_sfun:c1_X330_Control.obj
 0001:00048470       sf_c1_X330_Control         0000000180049470 f   X330_Control_sfun:c1_X330_Control.obj
 0001:00048c30       sf_opaque_get_sim_state_c1_X330_Control 0000000180049c30 f   X330_Control_sfun:c1_X330_Control.obj
 0001:00048c50       sf_opaque_set_sim_state_c1_X330_Control 0000000180049c50 f   X330_Control_sfun:c1_X330_Control.obj
 0001:00048c80       sf_opaque_terminate_c1_X330_Control 0000000180049c80 f   X330_Control_sfun:c1_X330_Control.obj
 0001:00048d00       finalize_c1_X330_Control   0000000180049d00 f   X330_Control_sfun:c1_X330_Control.obj
 0001:00048d10       sf_opaque_init_subchart_simstructs 0000000180049d10 f   X330_Control_sfun:c1_X330_Control.obj
 0001:00048d30       initSimStructsc1_X330_Control 0000000180049d30 f   X330_Control_sfun:c1_X330_Control.obj
 0001:00048d40       mdlRTW_c1_X330_Control     0000000180049d40 f   X330_Control_sfun:c1_X330_Control.obj
 0001:00048e6c       pre_c_init                 0000000180049e6c f   MSVCRT:crtdll.obj
 0001:00049128       __DllMainCRTStartup        000000018004a128 f   MSVCRT:crtdll.obj
 0001:00049830       __DllMainCRTStartup$filt$0 000000018004a830 f   MSVCRT:crtdll.obj
 0001:00049860       __DllMainCRTStartup$fin$1  000000018004a860 f   MSVCRT:crtdll.obj
 0001:0004987a       _onexit$fin$0              000000018004a87a f   MSVCRT:atonexit.obj
 0001:000498a0       _IsNonwritableInCurrentImage$filt$0 000000018004a8a0 f   MSVCRT:pesect.obj
